{
  "binary": "/private/tmp/tmux-split-prototype-iNRcZY/source/tmux",
  "sha256": "d66f009fafce3f7c45bf5b2460d664975bc0037a8cb99c050079f9b442ea6b58",
  "cases": [
    {
      "axis": "cols",
      "before": {
        "layout": "d8a0,160x160,0,0{80x160,0,0[80x80,0,0{40x80,0,0,1,39x80,41,0,4},80x79,0,81{40x79,0,81,3,39x79,41,81,5}],79x160,81,0[79x80,81,0{39x80,81,0,2,39x80,121,0,7},79x79,81,81{39x79,81,81,6,39x79,121,81,8}]}",
        "zoom": "0",
        "panes": {
          "%1": [
            "2",
            "71399",
            "0",
            "0",
            "40",
            "80"
          ],
          "%4": [
            "5",
            "71408",
            "41",
            "0",
            "39",
            "80"
          ],
          "%3": [
            "4",
            "71406",
            "0",
            "81",
            "40",
            "79"
          ],
          "%5": [
            "6",
            "71410",
            "41",
            "81",
            "39",
            "79"
          ],
          "%2": [
            "3",
            "71404",
            "81",
            "0",
            "39",
            "80"
          ],
          "%7": [
            "8",
            "71415",
            "121",
            "0",
            "39",
            "80"
          ],
          "%6": [
            "7",
            "71412",
            "81",
            "81",
            "39",
            "79"
          ],
          "%8": [
            "9",
            "71417",
            "121",
            "81",
            "39",
            "79"
          ]
        }
      },
      "after": {
        "layout": "4141,160x160,0,0{83x160,0,0[83x80,0,0{42x80,0,0,1,40x80,43,0,4},83x79,0,81{42x79,0,81,3,40x79,43,81,5}],76x160,84,0[76x80,84,0{37x80,84,0,2,38x80,122,0,7},76x79,84,81{37x79,84,81,6,38x79,122,81,8}]}",
        "zoom": "0",
        "panes": {
          "%1": [
            "2",
            "71399",
            "0",
            "0",
            "42",
            "80"
          ],
          "%4": [
            "5",
            "71408",
            "43",
            "0",
            "40",
            "80"
          ],
          "%3": [
            "4",
            "71406",
            "0",
            "81",
            "42",
            "79"
          ],
          "%5": [
            "6",
            "71410",
            "43",
            "81",
            "40",
            "79"
          ],
          "%2": [
            "3",
            "71404",
            "84",
            "0",
            "37",
            "80"
          ],
          "%7": [
            "8",
            "71415",
            "122",
            "0",
            "38",
            "80"
          ],
          "%6": [
            "7",
            "71412",
            "84",
            "81",
            "37",
            "79"
          ],
          "%8": [
            "9",
            "71417",
            "122",
            "81",
            "38",
            "79"
          ]
        }
      },
      "receipt": {
        "schemaVersion": 1,
        "boundary": 83,
        "layout": "4141,160x160,0,0{83x160,0,0[83x80,0,0{42x80,0,0,1,40x80,43,0,4},83x79,0,81{42x79,0,81,3,40x79,43,81,5}],76x160,84,0[76x80,84,0{37x80,84,0,2,38x80,122,0,7},76x79,84,81{37x79,84,81,6,38x79,122,81,8}]}"
      },
      "staleError": "split layout mismatch",
      "negativeCases": 10,
      "clamped": [
        {
          "schemaVersion": 1,
          "boundary": 3,
          "layout": "da01,160x160,0,0{3x160,0,0[3x80,0,0{1x80,0,0,1,1x80,2,0,4},3x79,0,81{1x79,0,81,3,1x79,2,81,5}],156x160,4,0[156x80,4,0{78x80,4,0,2,77x80,83,0,7},156x79,4,81{78x79,4,81,6,77x79,83,81,8}]}"
        },
        {
          "schemaVersion": 1,
          "boundary": 156,
          "layout": "4b62,160x160,0,0{156x160,0,0[156x80,0,0{78x80,0,0,1,77x80,79,0,4},156x79,0,81{78x79,0,81,3,77x79,79,81,5}],3x160,157,0[3x80,157,0{1x80,157,0,2,1x80,159,0,7},3x79,157,81{1x79,157,81,6,1x79,159,81,8}]}"
        }
      ],
      "zoomRefusalUnchanged": true
    },
    {
      "axis": "rows",
      "before": {
        "layout": "f04b,160x160,0,0[160x80,0,0{80x80,0,0[80x40,0,0,9,80x39,0,41,12],79x80,81,0[79x40,81,0,11,79x39,81,41,13]},160x79,0,81{80x79,0,81[80x39,0,81,10,80x39,0,121,15],79x79,81,81[79x39,81,81,14,79x39,81,121,16]}]",
        "zoom": "0",
        "panes": {
          "%9": [
            "10",
            "71512",
            "0",
            "0",
            "80",
            "40"
          ],
          "%12": [
            "13",
            "71521",
            "0",
            "41",
            "80",
            "39"
          ],
          "%11": [
            "12",
            "71519",
            "81",
            "0",
            "79",
            "40"
          ],
          "%13": [
            "14",
            "71523",
            "81",
            "41",
            "79",
            "39"
          ],
          "%10": [
            "11",
            "71517",
            "0",
            "81",
            "80",
            "39"
          ],
          "%15": [
            "16",
            "71527",
            "0",
            "121",
            "80",
            "39"
          ],
          "%14": [
            "15",
            "71525",
            "81",
            "81",
            "79",
            "39"
          ],
          "%16": [
            "17",
            "71529",
            "81",
            "121",
            "79",
            "39"
          ]
        }
      },
      "after": {
        "layout": "6c54,160x160,0,0[160x83,0,0{80x83,0,0[80x42,0,0,9,80x40,0,43,12],79x83,81,0[79x42,81,0,11,79x40,81,43,13]},160x76,0,84{80x76,0,84[80x37,0,84,10,80x38,0,122,15],79x76,81,84[79x37,81,84,14,79x38,81,122,16]}]",
        "zoom": "0",
        "panes": {
          "%9": [
            "10",
            "71512",
            "0",
            "0",
            "80",
            "42"
          ],
          "%12": [
            "13",
            "71521",
            "0",
            "43",
            "80",
            "40"
          ],
          "%11": [
            "12",
            "71519",
            "81",
            "0",
            "79",
            "42"
          ],
          "%13": [
            "14",
            "71523",
            "81",
            "43",
            "79",
            "40"
          ],
          "%10": [
            "11",
            "71517",
            "0",
            "84",
            "80",
            "37"
          ],
          "%15": [
            "16",
            "71527",
            "0",
            "122",
            "80",
            "38"
          ],
          "%14": [
            "15",
            "71525",
            "81",
            "84",
            "79",
            "37"
          ],
          "%16": [
            "17",
            "71529",
            "81",
            "122",
            "79",
            "38"
          ]
        }
      },
      "receipt": {
        "schemaVersion": 1,
        "boundary": 83,
        "layout": "6c54,160x160,0,0[160x83,0,0{80x83,0,0[80x42,0,0,9,80x40,0,43,12],79x83,81,0[79x42,81,0,11,79x40,81,43,13]},160x76,0,84{80x76,0,84[80x37,0,84,10,80x38,0,122,15],79x76,81,84[79x37,81,84,14,79x38,81,122,16]}]"
      },
      "staleError": "split layout mismatch",
      "negativeCases": 10,
      "clamped": [
        {
          "schemaVersion": 1,
          "boundary": 3,
          "layout": "ea30,160x160,0,0[160x3,0,0{80x3,0,0[80x1,0,0,9,80x1,0,2,12],79x3,81,0[79x1,81,0,11,79x1,81,2,13]},160x156,0,4{80x156,0,4[80x78,0,4,10,80x77,0,83,15],79x156,81,4[79x78,81,4,14,79x77,81,83,16]}]"
        },
        {
          "schemaVersion": 1,
          "boundary": 156,
          "layout": "fbbc,160x160,0,0[160x156,0,0{80x156,0,0[80x78,0,0,9,80x77,0,79,12],79x156,81,0[79x78,81,0,11,79x77,81,79,13]},160x3,0,157{80x3,0,157[80x1,0,157,10,80x1,0,159,15],79x3,81,157[79x1,81,157,14,79x1,81,159,16]}]"
        }
      ],
      "zoomRefusalUnchanged": true
    }
  ],
  "cleanup": true,
  "capability": {
    "schemaVersion": 1,
    "capability": "split-resize-v1",
    "maxDepth": 64,
    "maxLeaves": 512,
    "maxGrid": 4096
  }
}
