✔ real shared config preserves unrelated fields and restores selection in a fresh helper process (1401.655167ms)
✔ native appearance exposes every canonical preset once and preserves indexed color semantics (10.503084ms)
✔ system follows native appearance without persisting a host event; explicit themes stay pinned (0.52875ms)
✔ theme save uses shared patch, restart restores selection, and failed writes retain applied appearance (1.066958ms)
✔ bridge payload hashes match and rebuilding never overwrites an existing directory (313.644417ms)
✔ dependency notices retain exact text and deduplicate input files (24.461542ms)
✔ malformed private config stays recoverable without leaking its contents (1087.0605ms)
✔ startup failure is reported at child exit without exposing diagnostic contents (31.706625ms)
✔ actual client identifies each HTTP failure stage without leaking response or credentials (94.69725ms)
✔ schema, stale selection and scope failures are distinct and sanitized (12.343458ms)
✔ successful catalog returns the same exact scoped pane configuration (6.109792ms)
✔ untrusted messages/names and invalid HTTP status cannot enter public diagnostics (1.77675ms)
✔ source unsupported daemon stays credential-free and refresh rechecks compatibility (873.036292ms)
﹣ packaged unsupported daemon stays credential-free and refresh rechecks compatibility (0.292958ms) # Set TMUX_GPUI_TEST_APP to qualify the exact packaged helper
✔ discovery probes identity without credentials, then selects verified scope (89.862667ms)
✔ wrong identity never receives credentials (6.41175ms)
✔ non-loopback records are rejected before network access (12.234083ms)
✔ ambiguous server selection and replaced records fail closed (7.255375ms)
✔ matching old and future protocols reject before authenticated discovery (7.401208ms)
✔ fixed discovery categories distinguish absent owner, unavailable peer and server choice without secrets (6.265833ms)
✔ all public discovery guidance fits the native status limit (0.168375ms)
✔ fixture shutdown reaps a helper ignoring SIGTERM (82.812416ms)
✔ resize targets verified window only while holding geometry authority (2.142542ms)
✔ missing topology or authority denial never resizes (0.302833ms)
✔ topology changes and lost leases cannot redirect a resize (0.771709ms)
✔ pane removal invalidates the former resize target until its new layout arrives (0.159125ms)
✔ unidentified containing layout clears a previously verified target (0.103167ms)
✔ history viewport stays anchored across append and returns to live cursor (1.317791ms)
✔ trim preserves a surviving anchor; lost/reset/alternate-screen anchors return live (0.362417ms)
✔ retained history is bounded and never exceeds a thousand rows (9.912875ms)
✔ repeated row references cannot falsely prove an anchor occurrence (0.221375ms)
✔ serialized history budget and width changes cannot retain stale views (6.723917ms)
✔ semantic IDs remain exact; paneId alone never grants available navigation (1.132667ms)
✔ display controls removed and Unicode truncation preserves codepoints; private fields never published (0.278625ms)
✔ bounded ordered rows never sanitize oversized identities into another target (0.691667ms)
✔ click wire binds both old request and exact observed revision (2.818833ms)
✔ only registered sessions are observed; failures are partial and never invented empty success (38.508208ms)
✔ 32 session bound and four actual reads persist across abort-ignoring refreshes (2.725ms)
✔ wrong generation is unavailable; dispose aborts and forbids late publication (2.275584ms)
✔ refresh clears actual projected rows immediately and detached agents cannot be activated (1.057333ms)
✔ attached rows use canonical sorting and current incarnation, never a same-name replacement (1.6695ms)
✔ input requires authority before sending and does not request it implicitly (0.635ms)
✔ pins exact pane and never retries an ambiguous acknowledgement (0.618833ms)
✔ paste wraps once, preserves Unicode across chunks, and stays on its pane (1.96975ms)
✔ paste stops on authority loss and rejects invalid clipboard content before sending (1.294334ms)
﹣ local app retains binary identity and refuses replacement (0.290583ms) # SKIP
﹣ local launcher never resolves dirname through caller PATH (0.042542ms) # SKIP
﹣ assembler rejects a mismatched executable before running supplied tools (0.030959ms) # SKIP
✔ holds real frame and newest metadata; release is monotonic and then semantically transparent (1.531125ms)
✔ missing/unready latest frame cannot revive old held ready state (0.207125ms)
✔ bounds and source order/connection are fail closed (3.600667ms)
✔ helper eof reaps its owned real child (78.649417ms)
✔ helper signal reaps its owned real child (79.750125ms)
✔ specimen keeps Unicode, colored blanks, wrap and cursor explicit at multiple sizes (0.766583ms)
✔ unsupported geometry fails instead of silently clipping the specimen (0.176208ms)
﹣ actual PTY resize redraws the specimen with current stdout geometry (0.076709ms) # SKIP
✔ schema rejects controls/blank/oversize names and blind toggle (2.20225ms)
✔ action fence supports zoomed/single panes and retires on title/topology/lifetime changes (0.159292ms)
✔ rename submits exact semantic action once and validates receipt (0.715333ms)
✔ zoom submits exact semantic action once and validates receipt (0.22475ms)
✔ stale token, foreign pane and lost input never dispatch (0.120125ms)
✔ geometry grant cannot cross pane lifetime or token changes (0.098958ms)
✔ mismatched and replayed receipts fail without retry; rejected mutation stays consumed (0.421375ms)
✔ zoom result must match explicit desired pane/state and retirement cannot report success (0.18875ms)
✔ fence survives content/name/focus changes, retires on topology and pane lifetime changes (0.576625ms)
✔ cached old resize canvas cannot grant token for current geometry (0.092167ms)
✔ zoom and single-pane layouts revoke gestures; restored splits get a fresh token (0.098125ms)
✔ exact semantic target and clamped receipt; outer status row converted once (1.520541ms)
✔ stale and missing targets cannot even acquire geometry authority (0.215458ms)
✔ authority wait revalidates token, lifetime and exact window (0.265416ms)
✔ post-dispatch replacement and foreign receipts never claim success (0.892583ms)
✔ malformed and oversized resize rejected (0.257583ms)
✔ clamped readback preserves exact validated operation identity and actual cells (0.230541ms)
✔ schema-valid foreign operation/generation/axis receipts and replaced lifetime are rejected (0.351583ms)
✔ controller-supplied operation UUID is preserved and malformed ID fails before authority (0.261208ms)
✔ background releases owned input and geometry; foreground only requests input (1.278875ms)
✔ background releases connection claims even without current grants (0.188208ms)
✔ closing viewer reaps an idle helper without waiting for another frame (48.058167ms)
✔ cancellation reaps both children, including a helper ignoring SIGTERM (138.4735ms)
✔ helper EOF reaches viewer and helper failure remains a failure (37.739167ms)
✔ missing executable reaps the other owned child (1.656ms)
✔ already cancelled launch starts no processes (0.129167ms)
✔ duplex bridge carries native commands and helper publications (35.606709ms)
✔ publishes and ACKs only a complete authenticated snapshot (7.906834ms)
✔ rejects a replaced daemon generation and cannot revive after retirement (1.493125ms)
✔ hash corruption clears the view without ACK (1.013ms)
✔ disconnect ignores late callbacks and does not replay state (0.5805ms)
✔ verified newer incarnation changes lifetime only at complete commit (1.761166ms)
✔ failed replacement clears the committed lifetime without advertising its incarnation (1.233791ms)
✔ one pending and latest; receipt alone never settles, final release exact target waits for layout (9.956167ms)
✔ cancel discards queued targets, no retry, late receipt cannot resurrect gesture (1.007042ms)
✔ lifetime, competing authority and orthogonal topology retire pending motion (2.028291ms)
✔ unrelated idle geometry fails and gesture identity rejects stale moves (0.673916ms)
✔ receipt and new layout wait for coherent surfaces instead of cancelling on resize skew (1.533042ms)
✔ unrelated same-axis redistribution cannot receive a matching-token attestation (3.665583ms)
✔ new gesture during cancelled in-flight operation gets an explicit refusal, old completion cannot replace it (1.91525ms)
✔ neighbor-only lifetime epoch replacement rejects pending receipt despite identical pane IDs and geometry (1.989666ms)
✔ session pane counts preserve daemon values, unknown stays absent and labels never become identity (1.098084ms)
✔ browser creates from initial Home once, keeps navigation responsive and requires refresh after uncertain failure (1015.08175ms)
✔ initial zero request and canonical name validation (1.238334ms)
✔ one pending operation survives reset and stale completion never refreshes (0.337125ms)
✔ creation or refresh failure stays blocked until explicit reset without leaking errors (0.450917ms)
✔ completion revision witnesses fast success even if pending is coalesced (0.086834ms)
✔ one pending request coalesces final release and rebases only after coherent successor (15.698625ms)
✔ clamped pointer is not resent; a new desired pointer may continue (2.85475ms)
✔ cancel preserves pending ownership and late completion cannot revive or overwrite (1.232875ms)
✔ missing successor, scope replacement and geometry lease loss fail closed (2.645084ms)
✔ output-only refresh survives but foreign idle geometry and stale commands do not (0.220542ms)
✔ pending canonical wait is bounded and late completion remains inert (0.870375ms)
✔ wire is strict and begin requires exact observed boundary and coherent ownership (0.389875ms)
✔ pending missing canvas remains inert and cancellation after release stays terminal (0.845667ms)
✔ receipt does not settle against a different complete canonical resource (0.610584ms)
✔ window identity ignores object key ordering at begin and during observation (0.583708ms)
✔ well-formed stale target or lost lease begins receive a failure ACK and fresh gestures recover (0.576125ms)
✔ publishes only matching canonical geometry and ignores output/label-only changes (10.346542ms)
✔ retires old reads on lifetime change even if cancellation is ignored (0.6705ms)
✔ wrong link or geometry never grants handles; unsupported reads do not retry on output (5.066958ms)
✔ clamped receipt permits changed layout after submission without retry (1.995292ms)
✔ stale layout during authority acquisition cannot dispatch (0.225ms)
✔ wrong echoed target is refused even when actual boundary is plausible (0.229458ms)
✔ late scope and lifetime changes refuse result (0.461958ms)
✔ detached command survives caller mutation while waiting for authority (0.184791ms)
✔ malformed inputs and unknown split axis do not acquire or submit (0.337584ms)
✔ resource refresh after submission accepts receipt but absent pre-submit resource refuses (0.207834ms)
✔ retained window replacement after submission refuses even with no resource (0.165958ms)
✔ labels and duplicate window names never replace pane/window identities (0.802792ms)
✔ unverified joins and duplicate layouts cannot invent or duplicate choices (0.08825ms)
✔ native label byte limits preserve complete Unicode scalars (0.104375ms)
✔ initial preference uses current window active pane rather than inventory order (0.093417ms)
✔ canvas preserves tmux offsets, separator gap and selected cursor (0.989208ms)
✔ incomplete, resized, overlapping and unverified layouts never promote (0.407ms)
✔ top status row is outside pane content and cursor (0.301667ms)
✔ top status only reduces the outer pane in vertical splits (0.154916ms)
✔ bottom status row is outside pane content and cursor (0.122333ms)
✔ bottom status only reduces the outer pane in vertical splits (0.096417ms)
✔ layout-first resize retains one atomic presentation then promotes matching geometry (0.845917ms)
✔ surfaces-first resize retains one atomic presentation then promotes matching geometry (0.155833ms)
✔ sibling-first resize retains one atomic presentation then promotes matching geometry (0.09575ms)
✔ outer status row copy geometry and wrap flags remain paired with retained pixels (0.393625ms)
✔ scope replacement, missing surfaces, and invalid geometry clear retained state (0.378916ms)
✔ authority, presence or history disable clears cache even when read-only composition succeeds (0.498584ms)
✔ another instance and an initial skew cannot borrow an earlier coherent frame (0.100667ms)
✔ workspace navigation uses only read requests and rechecks exact session after inventory (62.443042ms)
✔ workspace click requires selected session in addition to request and roster revision (8.65375ms)
✔ strict preview metadata generates exact safe plist fields; development defaults remain (7.979166ms)
✔ unknown fields, types, namespace, injection and noncanonical numbers reject (0.37875ms)
✔ bounded metadata file rejects links/oversize; invalid explicit assembly metadata precedes binary execution/output (53.97375ms)
✔ standalone installer relocates, retains CLI behavior and refuses overwriting output (219.5515ms)
✔ synthetic verified lifecycle installs, repeats, upgrades, re-verifies rollback and detaches without deleting (94.710292ms)
✔ strict parser and platform failures make no installation or verifier calls (3.910833ms)
✔ policy rejects extra keys, oversized, private syntax and candidate-owned input before mutation (14.032084ms)
✔ verification denial preserves current, lock refuses, symlink root refuses and tmp alias is canonicalized (32.873584ms)
✔ executable help and invalid arguments emit bounded JSON without side effects (107.843667ms)
✔ FIFO policy is rejected without waiting for a writer (53.27675ms)
✔ script symlink invocation executes help rather than silently returning success (48.47425ms)
✔ relative destination cannot detach an existing installation (23.513459ms)
✔ release mode authenticates offer before installer seam and removes only empty owned staging (40.875958ms)
✔ release policy is exact, bounded and mandatory; unknown metadata cannot reach installer (9.037959ms)
✔ release failure preserves activation disposition and never erases unexpected staging leftovers (15.109959ms)
✔ release cancellation before/during offer creates no staging; transaction cancellation preserves disposition (10.5735ms)
✔ explicit recovery refuses a legacy empty lock without verification or mutation (14.412ms)
✔ SIGKILL before activation preserves a complete selected version (85.951834ms)
✔ SIGKILL after activation preserves a complete selected version (87.732541ms)
✔ real SIGKILL before-activate: keep-current (106.853708ms)
✔ real SIGKILL candidate-renamed: keep-current (90.515333ms)
✔ real SIGKILL current-switched: keep-current (99.745417ms)
✔ real SIGKILL current-switched: restore-previous (98.850833ms)
✔ live PID, journal tamper and verifier denial leave lock and current untouched (72.120125ms)
✔ legacy empty lock refuses explicit recovery (13.925083ms)
✔ initial preactivation keeps no selection, verifies and quarantines candidate before retry (87.489708ms)
✔ CLI recovery after real SIGKILL requires policy and verifier (74.648666ms)
✔ recovery marker blocks normal mutation even after transaction lock is absent (8.288917ms)
✔ missing alias after switched current refuses without claiming a launch path (41.169291ms)
✔ verifier replacement of a managed candidate directory refuses before pointer mutation (37.7385ms)
✔ legacy prior without named alias recovers a usable launch path: keep-current (43.996709ms)
✔ legacy prior without named alias recovers a usable launch path: restore-previous (41.604958ms)
✔ initial activation and exact repeat verify private copies; upgrade retains rollback (104.822041ms)
✔ interruption before activation leaves previous pointer and no owned partial version (49.917625ms)
✔ verification is mandatory, denies false, and rejects verifier payload mutation (17.523458ms)
✔ uninstall detaches only and preserves retained apps plus unrelated configuration (31.26525ms)
✔ traversal, staging links, unrelated prefixes and foreign current entries fail closed (46.611417ms)
✔ stale locks and symlinked managed parents cannot mutate unrelated directories (37.672708ms)
✔ changed retained app denies rollback and uncertain ownership denies uninstall (86.199041ms)
✔ concurrent mutation is rejected before verifier while first transaction owns lock (23.155083ms)
✔ same version with changed content and symlinked root are rejected (25.493042ms)
✔ boundary parent replacement is detected before activation, preserving original and cleanup failures (27.934709ms)
✔ stable named launch alias survives upgrade/rollback and detach retains versions (59.611542ms)
✔ foreign launch entries deny all pointer mutations and failed first install leaves no alias (46.654834ms)
✔ legacy app layout upgrades and rolls back without migration; suffix mismatch and ambiguity reject (43.6275ms)
✔ repeat restoring a missing launch alias respects the preactivation guard (18.299458ms)
✔ uses bounded system verifiers and required Apple identity, never candidate execution (12.427083ms)
✔ requires explicit policy and rejects hostile requirement metadata before tools (7.5615ms)
✔ unsigned or rejected assessment, disabled Gatekeeper, malformed and incompatible metadata fail closed (28.05425ms)
✔ rejects redirected executable and app roots before any system command (6.570625ms)
✔ Mach-O deployment metadata must be macOS, unique and compatible with declared floor (11.685083ms)
✔ verifier composes with transaction's named staged bundle and checks nested signatures (53.359333ms)
✔ optional authenticated release version is checked after signature validation (10.606708ms)
✔ local receipt accepts copied native and excludes target and unrelated private root files (40.054958ms)
✔ binary tampering and edited/new/deleted Rust or asset inputs invalidate receipt (110.301209ms)
✔ before/after mutation refuses receipt; source symlinks are not followed (13.87475ms)
✔ malformed, stale-digest and redirected receipts fail closed (64.347833ms)
✔ Cargo executable selection rejects stale guesses, wrong package and ambiguous outputs (0.337542ms)
✔ Cargo failure preserves bounded rendered errors rather than unrelated artifact JSON (0.211084ms)
✔ authentication precedes all fetch and directory mutation (9.097583ms)
✔ actual HTTP stream via exact test-origin rewrite verifies bytes and private staging (31.160625ms)
✔ truncated, excess, corrupt, encoded and HTTP failure bodies never survive (38.263416ms)
✔ manual redirects cancel bodies, obey origin/HTTPS policy and stop after three (27.476167ms)
✔ caller abort bounds stalled headers/body and removes partial files (29.682625ms)
✔ unsafe destination and URL policy fail closed without network (4.531167ms)
✔ fixed 120-second deadline also rejects a transport ignoring its signal (3.242167ms)
✔ system USTAR nested app extracts exact bytes and normalized permissions (41.757667ms)
✔ signature/digest failure happens before any extraction, preserving archive and unrelated data (25.527334ms)
✔ unsafe names, duplicates, special modes, types and ancestor collisions are rejected (99.03075ms)
✔ corrupt headers, unsupported formats/numbers, truncation and nonzero trailing data fail (65.523375ms)
✔ cancellation before and during extraction removes only owned staging (40.12825ms)
✔ real download/extraction/transaction install, repeat and upgrade verify the private copy/version (109.624042ms)
✔ authentication, platform, policy and path overlap refuse before fetching or creating installs (17.868334ms)
✔ malformed archive, version mismatch, verifier denial and cancellation preserve prior current (97.471417ms)
✔ caller mutation during fetch cannot change pinned version, Apple policy or paths (22.124458ms)
✔ cleanup failure after activation reports active release without implying rollback (24.161583ms)
✔ original verifier failure and independent cleanup failures are both retained (18.435916ms)
✔ exact signed roundtrip returns an independent frozen asset (1.485583ms)
✔ tampered body/whitespace, wrong key and unsigned malformed JSON fail authentication first (0.840625ms)
✔ authenticated payloads still require exact schema, target, name, digest and expected version (1.442958ms)
✔ archive and manifest byte bounds are inclusive and types strict (1.198333ms)
✔ versions use installer-safe identity, not calendar parsing or ordering (1.020458ms)
✔ real loopback metadata stream authenticates exact bytes and pinned version directory (19.1895ms)
✔ invalid, oversized, mismatched or unauthenticated offers never return (3.159917ms)
✔ trusted redirects permit signed queries; unsafe redirects/caps refuse and bodies cancel (1.698417ms)
✔ caller cancellation bounds stalled headers/body; common deadline covers both metadata requests (21.60375ms)
✔ actual producer is deterministic and authenticated extractor restores bytes and executable mode (105.1ms)
✔ links, aliases, unsafe names and special permissions reject without output or source mutation (182.0245ms)
✔ existing output and source-contained destinations are never overwritten; version/name is exact (99.149959ms)
✔ inventory rejects case aliases independent of filesystem and lower test limits fail safely (54.608875ms)
✔ private signing sequence preserves historical inputs and binds transformation (30.246167ms)
✔ sign-native failure exposes only safe stage, no usable artifacts (17.410583ms)
✔ notarize failure exposes only safe stage, no usable artifacts (17.217583ms)
✔ verify failure exposes only safe stage, no usable artifacts (15.834875ms)
✔ package failure exposes only safe stage, no usable artifacts (11.319959ms)
✔ notary non-Accepted and debug entitlement fail closed before later tools (11.798209ms)
✔ existing output and unknown CLI switches refuse without tool calls (4.067167ms)
✔ unsupported host refuses before creating output or executing tools (2.032875ms)
✔ caller mutation cannot change validated identity or profile across awaits (8.187334ms)
✔ numeric policy scalars reject before copy or signing (2.303625ms)
ℹ tests 244
ℹ suites 0
ℹ pass 239
ℹ fail 0
ℹ cancelled 0
ℹ skipped 5
ℹ todo 0
ℹ duration_ms 2945.842542
