✔ real shared config preserves unrelated fields and restores selection in a fresh helper process (1550.827459ms)
✔ native appearance exposes every canonical preset once and preserves indexed color semantics (6.788542ms)
✔ system follows native appearance without persisting a host event; explicit themes stay pinned (0.624958ms)
✔ theme save uses shared patch, restart restores selection, and failed writes retain applied appearance (0.566875ms)
✔ bridge payload hashes match and rebuilding never overwrites an existing directory (371.208542ms)
✔ dependency notices retain exact text and deduplicate input files (19.1205ms)
✔ malformed private config stays recoverable without leaking its contents (1028.397583ms)
✔ startup failure is reported at child exit without exposing diagnostic contents (31.524333ms)
✔ actual client identifies each HTTP failure stage without leaking response or credentials (76.73775ms)
✔ schema, stale selection and scope failures are distinct and sanitized (10.070125ms)
✔ successful catalog returns the same exact scoped pane configuration (4.239375ms)
✔ untrusted messages/names and invalid HTTP status cannot enter public diagnostics (0.283834ms)
✔ source unsupported daemon stays credential-free and refresh rechecks compatibility (953.204792ms)
﹣ packaged unsupported daemon stays credential-free and refresh rechecks compatibility (0.1435ms) # Set TMUX_GPUI_TEST_APP to qualify the exact packaged helper
✔ discovery probes identity without credentials, then selects verified scope (82.37225ms)
✔ wrong identity never receives credentials (19.986834ms)
✔ non-loopback records are rejected before network access (6.841666ms)
✔ ambiguous server selection and replaced records fail closed (15.003875ms)
✔ matching old and future protocols reject before authenticated discovery (7.014417ms)
✔ fixed discovery categories distinguish absent owner, unavailable peer and server choice without secrets (8.340833ms)
✔ all public discovery guidance fits the native status limit (0.286833ms)
✔ fixture shutdown reaps a helper ignoring SIGTERM (83.811625ms)
✔ resize targets verified window only while holding geometry authority (1.23075ms)
✔ missing topology or authority denial never resizes (0.118333ms)
✔ topology changes and lost leases cannot redirect a resize (0.346459ms)
✔ pane removal invalidates the former resize target until its new layout arrives (0.060834ms)
✔ unidentified containing layout clears a previously verified target (0.040375ms)
✔ history viewport stays anchored across append and returns to live cursor (1.291917ms)
✔ trim preserves a surviving anchor; lost/reset/alternate-screen anchors return live (0.319333ms)
✔ retained history is bounded and never exceeds a thousand rows (7.36825ms)
✔ repeated row references cannot falsely prove an anchor occurrence (0.202625ms)
✔ serialized history budget and width changes cannot retain stale views (5.880875ms)
✔ semantic IDs remain exact; paneId alone never grants available navigation (1.02775ms)
✔ display controls removed and Unicode truncation preserves codepoints; private fields never published (0.414958ms)
✔ bounded ordered rows never sanitize oversized identities into another target (0.615959ms)
✔ click wire binds both old request and exact observed revision (2.947958ms)
✔ only registered sessions are observed; failures are partial and never invented empty success (27.120583ms)
✔ 32 session bound and four actual reads persist across abort-ignoring refreshes (22.892834ms)
✔ wrong generation is unavailable; dispose aborts and forbids late publication (2.645042ms)
✔ refresh clears actual projected rows immediately and detached agents cannot be activated (0.94175ms)
✔ attached rows use canonical sorting and current incarnation, never a same-name replacement (1.685917ms)
✔ input requires authority before sending and does not request it implicitly (0.968708ms)
✔ pins exact pane and never retries an ambiguous acknowledgement (0.92075ms)
✔ paste wraps once, preserves Unicode across chunks, and stays on its pane (1.240333ms)
✔ paste stops on authority loss and rejects invalid clipboard content before sending (1.903042ms)
﹣ local app retains binary identity and refuses replacement (0.620416ms) # SKIP
﹣ local launcher never resolves dirname through caller PATH (0.110625ms) # SKIP
﹣ assembler rejects a mismatched executable before running supplied tools (0.07275ms) # SKIP
✔ holds real frame and newest metadata; release is monotonic and then semantically transparent (1.6225ms)
✔ missing/unready latest frame cannot revive old held ready state (0.228666ms)
✔ bounds and source order/connection are fail closed (2.173875ms)
✔ helper eof reaps its owned real child (86.929834ms)
✔ helper signal reaps its owned real child (85.43075ms)
✔ specimen keeps Unicode, colored blanks, wrap and cursor explicit at multiple sizes (0.759917ms)
✔ unsupported geometry fails instead of silently clipping the specimen (0.183375ms)
﹣ actual PTY resize redraws the specimen with current stdout geometry (0.078125ms) # SKIP
✔ schema rejects controls/blank/oversize names and blind toggle (1.927167ms)
✔ action fence supports zoomed/single panes and retires on title/topology/lifetime changes (0.254084ms)
✔ rename submits exact semantic action once and validates receipt (0.92975ms)
✔ zoom submits exact semantic action once and validates receipt (0.513084ms)
✔ stale token, foreign pane and lost input never dispatch (0.174542ms)
✔ geometry grant cannot cross pane lifetime or token changes (0.284542ms)
✔ mismatched and replayed receipts fail without retry; rejected mutation stays consumed (0.856125ms)
✔ zoom result must match explicit desired pane/state and retirement cannot report success (0.219167ms)
✔ fence survives content/name/focus changes, retires on topology and pane lifetime changes (0.565125ms)
✔ cached old resize canvas cannot grant token for current geometry (0.091ms)
✔ zoom and single-pane layouts revoke gestures; restored splits get a fresh token (0.094542ms)
✔ exact semantic target and clamped receipt; outer status row converted once (1.356292ms)
✔ stale and missing targets cannot even acquire geometry authority (0.445042ms)
✔ authority wait revalidates token, lifetime and exact window (0.695875ms)
✔ post-dispatch replacement and foreign receipts never claim success (1.51625ms)
✔ malformed and oversized resize rejected (0.272667ms)
✔ clamped readback preserves exact validated operation identity and actual cells (0.256375ms)
✔ schema-valid foreign operation/generation/axis receipts and replaced lifetime are rejected (0.435917ms)
✔ controller-supplied operation UUID is preserved and malformed ID fails before authority (0.275291ms)
✔ background releases owned input and geometry; foreground only requests input (1.262083ms)
✔ background releases connection claims even without current grants (0.111417ms)
✔ closing viewer reaps an idle helper without waiting for another frame (45.937083ms)
✔ cancellation reaps both children, including a helper ignoring SIGTERM (134.075916ms)
✔ helper EOF reaches viewer and helper failure remains a failure (40.383709ms)
✔ missing executable reaps the other owned child (1.393041ms)
✔ already cancelled launch starts no processes (0.12625ms)
✔ duplex bridge carries native commands and helper publications (37.153709ms)
✔ publishes and ACKs only a complete authenticated snapshot (3.261667ms)
✔ rejects a replaced daemon generation and cannot revive after retirement (1.57375ms)
✔ hash corruption clears the view without ACK (1.15775ms)
✔ disconnect ignores late callbacks and does not replay state (0.657375ms)
✔ verified newer incarnation changes lifetime only at complete commit (1.884166ms)
✔ failed replacement clears the committed lifetime without advertising its incarnation (1.401708ms)
✔ one pending and latest; receipt alone never settles, final release exact target waits for layout (12.58575ms)
✔ cancel discards queued targets, no retry, late receipt cannot resurrect gesture (2.173333ms)
✔ lifetime, competing authority and orthogonal topology retire pending motion (2.069708ms)
✔ unrelated idle geometry fails and gesture identity rejects stale moves (0.499458ms)
✔ receipt and new layout wait for coherent surfaces instead of cancelling on resize skew (1.013875ms)
✔ unrelated same-axis redistribution cannot receive a matching-token attestation (0.678334ms)
✔ new gesture during cancelled in-flight operation gets an explicit refusal, old completion cannot replace it (1.478541ms)
✔ neighbor-only lifetime epoch replacement rejects pending receipt despite identical pane IDs and geometry (0.782625ms)
✔ session pane counts preserve daemon values, unknown stays absent and labels never become identity (1.122958ms)
✔ browser creates from initial Home once, keeps navigation responsive and requires refresh after uncertain failure (965.285375ms)
✔ initial zero request and canonical name validation (1.243791ms)
✔ one pending operation survives reset and stale completion never refreshes (0.339167ms)
✔ creation or refresh failure stays blocked until explicit reset without leaking errors (0.447708ms)
✔ completion revision witnesses fast success even if pending is coalesced (0.09ms)
✔ one pending request coalesces final release and rebases only after coherent successor (17.728833ms)
✔ clamped pointer is not resent; a new desired pointer may continue (2.309083ms)
✔ cancel preserves pending ownership and late completion cannot revive or overwrite (3.279375ms)
✔ missing successor, scope replacement and geometry lease loss fail closed (4.399041ms)
✔ output-only refresh survives but foreign idle geometry and stale commands do not (0.478625ms)
✔ pending canonical wait is bounded and late completion remains inert (2.416333ms)
✔ wire is strict and begin requires exact observed boundary and coherent ownership (0.534541ms)
✔ pending missing canvas remains inert and cancellation after release stays terminal (1.350875ms)
✔ receipt does not settle against a different complete canonical resource (1.839375ms)
✔ window identity ignores object key ordering at begin and during observation (0.406666ms)
✔ well-formed stale target or lost lease begins receive a failure ACK and fresh gestures recover (0.357708ms)
✔ publishes only matching canonical geometry and ignores output/label-only changes (8.704375ms)
✔ retires old reads on lifetime change even if cancellation is ignored (0.612ms)
✔ wrong link or geometry never grants handles; unsupported reads do not retry on output (0.5335ms)
✔ clamped receipt permits changed layout after submission without retry (2.054584ms)
✔ stale layout during authority acquisition cannot dispatch (0.237917ms)
✔ wrong echoed target is refused even when actual boundary is plausible (0.235791ms)
✔ late scope and lifetime changes refuse result (0.4945ms)
✔ detached command survives caller mutation while waiting for authority (0.206875ms)
✔ malformed inputs and unknown split axis do not acquire or submit (0.682125ms)
✔ resource refresh after submission accepts receipt but absent pre-submit resource refuses (0.305625ms)
✔ retained window replacement after submission refuses even with no resource (0.184792ms)
✔ labels and duplicate window names never replace pane/window identities (0.69225ms)
✔ unverified joins and duplicate layouts cannot invent or duplicate choices (0.085666ms)
✔ native label byte limits preserve complete Unicode scalars (0.121459ms)
✔ initial preference uses current window active pane rather than inventory order (0.090208ms)
✔ canvas preserves tmux offsets, separator gap and selected cursor (0.434709ms)
✔ incomplete, resized, overlapping and unverified layouts never promote (0.16675ms)
✔ top status row is outside pane content and cursor (0.125333ms)
✔ top status only reduces the outer pane in vertical splits (0.063791ms)
✔ bottom status row is outside pane content and cursor (0.060125ms)
✔ bottom status only reduces the outer pane in vertical splits (0.039584ms)
✔ layout-first resize retains one atomic presentation then promotes matching geometry (1.077167ms)
✔ surfaces-first resize retains one atomic presentation then promotes matching geometry (0.176542ms)
✔ sibling-first resize retains one atomic presentation then promotes matching geometry (0.10925ms)
✔ outer status row copy geometry and wrap flags remain paired with retained pixels (0.39025ms)
✔ scope replacement, missing surfaces, and invalid geometry clear retained state (0.379ms)
✔ authority, presence or history disable clears cache even when read-only composition succeeds (0.099917ms)
✔ another instance and an initial skew cannot borrow an earlier coherent frame (0.057208ms)
✔ workspace navigation uses only read requests and rechecks exact session after inventory (76.525125ms)
✔ workspace click requires selected session in addition to request and roster revision (1.964458ms)
✔ strict preview metadata generates exact safe plist fields; development defaults remain (5.735166ms)
✔ unknown fields, types, namespace, injection and noncanonical numbers reject (0.188333ms)
✔ bounded metadata file rejects links/oversize; invalid explicit assembly metadata precedes binary execution/output (50.897791ms)
✔ standalone installer relocates, retains CLI behavior and refuses overwriting output (198.592792ms)
✔ synthetic verified lifecycle installs, repeats, upgrades, re-verifies rollback and detaches without deleting (108.26175ms)
✔ strict parser and platform failures make no installation or verifier calls (3.220708ms)
✔ policy rejects extra keys, oversized, private syntax and candidate-owned input before mutation (4.837833ms)
✔ verification denial preserves current, lock refuses, symlink root refuses and tmp alias is canonicalized (19.550667ms)
✔ executable help and invalid arguments emit bounded JSON without side effects (104.178958ms)
✔ FIFO policy is rejected without waiting for a writer (55.301875ms)
✔ script symlink invocation executes help rather than silently returning success (48.018875ms)
✔ relative destination cannot detach an existing installation (18.224958ms)
✔ release mode authenticates offer before installer seam and removes only empty owned staging (44.333166ms)
✔ release policy is exact, bounded and mandatory; unknown metadata cannot reach installer (7.261625ms)
✔ release failure preserves activation disposition and never erases unexpected staging leftovers (13.123291ms)
✔ release cancellation before/during offer creates no staging; transaction cancellation preserves disposition (15.591375ms)
✔ explicit recovery refuses a legacy empty lock without verification or mutation (20.289625ms)
✔ SIGKILL before activation preserves a complete selected version (106.806375ms)
✔ SIGKILL after activation preserves a complete selected version (87.012292ms)
✔ real SIGKILL before-activate: keep-current (118.926459ms)
✔ real SIGKILL candidate-renamed: keep-current (106.498834ms)
✔ real SIGKILL current-switched: keep-current (90.214667ms)
✔ real SIGKILL current-switched: restore-previous (98.983875ms)
✔ live PID, journal tamper and verifier denial leave lock and current untouched (89.790791ms)
✔ legacy empty lock refuses explicit recovery (13.142042ms)
✔ initial preactivation keeps no selection, verifies and quarantines candidate before retry (77.273333ms)
✔ CLI recovery after real SIGKILL requires policy and verifier (67.112917ms)
✔ recovery marker blocks normal mutation even after transaction lock is absent (6.955125ms)
✔ missing alias after switched current refuses without claiming a launch path (39.516458ms)
✔ verifier replacement of a managed candidate directory refuses before pointer mutation (38.424459ms)
✔ legacy prior without named alias recovers a usable launch path: keep-current (42.145417ms)
✔ legacy prior without named alias recovers a usable launch path: restore-previous (43.373208ms)
✔ initial activation and exact repeat verify private copies; upgrade retains rollback (113.287625ms)
✔ interruption before activation leaves previous pointer and no owned partial version (28.627833ms)
✔ verification is mandatory, denies false, and rejects verifier payload mutation (15.570167ms)
✔ uninstall detaches only and preserves retained apps plus unrelated configuration (35.356875ms)
✔ traversal, staging links, unrelated prefixes and foreign current entries fail closed (72.84325ms)
✔ stale locks and symlinked managed parents cannot mutate unrelated directories (59.894875ms)
✔ changed retained app denies rollback and uncertain ownership denies uninstall (63.740292ms)
✔ concurrent mutation is rejected before verifier while first transaction owns lock (17.544666ms)
✔ same version with changed content and symlinked root are rejected (26.390125ms)
✔ boundary parent replacement is detected before activation, preserving original and cleanup failures (30.830417ms)
✔ stable named launch alias survives upgrade/rollback and detach retains versions (60.95325ms)
✔ foreign launch entries deny all pointer mutations and failed first install leaves no alias (46.441458ms)
✔ legacy app layout upgrades and rolls back without migration; suffix mismatch and ambiguity reject (43.949833ms)
✔ repeat restoring a missing launch alias respects the preactivation guard (16.466792ms)
✔ uses bounded system verifiers and required Apple identity, never candidate execution (13.949708ms)
✔ requires explicit policy and rejects hostile requirement metadata before tools (5.515416ms)
✔ unsigned or rejected assessment, disabled Gatekeeper, malformed and incompatible metadata fail closed (16.906292ms)
✔ rejects redirected executable and app roots before any system command (5.396417ms)
✔ Mach-O deployment metadata must be macOS, unique and compatible with declared floor (8.33ms)
✔ verifier composes with transaction's named staged bundle and checks nested signatures (41.269375ms)
✔ optional authenticated release version is checked after signature validation (6.133667ms)
✔ local receipt accepts copied native and excludes target and unrelated private root files (82.862542ms)
✔ binary tampering and edited/new/deleted Rust or asset inputs invalidate receipt (88.817084ms)
✔ before/after mutation refuses receipt; source symlinks are not followed (12.049625ms)
✔ malformed, stale-digest and redirected receipts fail closed (60.178417ms)
✔ Cargo executable selection rejects stale guesses, wrong package and ambiguous outputs (0.485292ms)
✔ Cargo failure preserves bounded rendered errors rather than unrelated artifact JSON (0.198167ms)
✔ authentication precedes all fetch and directory mutation (7.828208ms)
✔ actual HTTP stream via exact test-origin rewrite verifies bytes and private staging (26.190417ms)
✔ truncated, excess, corrupt, encoded and HTTP failure bodies never survive (17.400583ms)
✔ manual redirects cancel bodies, obey origin/HTTPS policy and stop after three (10.448458ms)
✔ caller abort bounds stalled headers/body and removes partial files (26.61ms)
✔ unsafe destination and URL policy fail closed without network (5.645958ms)
✔ fixed 120-second deadline also rejects a transport ignoring its signal (3.842083ms)
✔ system USTAR nested app extracts exact bytes and normalized permissions (33.5375ms)
✔ signature/digest failure happens before any extraction, preserving archive and unrelated data (29.507417ms)
✔ unsafe names, duplicates, special modes, types and ancestor collisions are rejected (117.461917ms)
✔ corrupt headers, unsupported formats/numbers, truncation and nonzero trailing data fail (54.831125ms)
✔ cancellation before and during extraction removes only owned staging (42.602166ms)
✔ real download/extraction/transaction install, repeat and upgrade verify the private copy/version (121.515875ms)
✔ authentication, platform, policy and path overlap refuse before fetching or creating installs (12.641292ms)
✔ malformed archive, version mismatch, verifier denial and cancellation preserve prior current (84.339083ms)
✔ caller mutation during fetch cannot change pinned version, Apple policy or paths (21.241875ms)
✔ cleanup failure after activation reports active release without implying rollback (19.443416ms)
✔ original verifier failure and independent cleanup failures are both retained (15.3975ms)
✔ exact signed roundtrip returns an independent frozen asset (1.443375ms)
✔ tampered body/whitespace, wrong key and unsigned malformed JSON fail authentication first (0.855916ms)
✔ authenticated payloads still require exact schema, target, name, digest and expected version (2.343959ms)
✔ archive and manifest byte bounds are inclusive and types strict (10.649792ms)
✔ versions use installer-safe identity, not calendar parsing or ordering (2.534417ms)
✔ real loopback metadata stream authenticates exact bytes and pinned version directory (21.95375ms)
✔ invalid, oversized, mismatched or unauthenticated offers never return (5.587709ms)
✔ trusted redirects permit signed queries; unsafe redirects/caps refuse and bodies cancel (2.641958ms)
✔ caller cancellation bounds stalled headers/body; common deadline covers both metadata requests (21.017916ms)
✔ actual producer is deterministic and authenticated extractor restores bytes and executable mode (118.90525ms)
✔ links, aliases, unsafe names and special permissions reject without output or source mutation (180.494958ms)
✔ existing output and source-contained destinations are never overwritten; version/name is exact (99.636333ms)
✔ inventory rejects case aliases independent of filesystem and lower test limits fail safely (66.931208ms)
✔ private signing sequence preserves historical inputs and binds transformation (29.621209ms)
✔ sign-native failure exposes only safe stage, no usable artifacts (17.769375ms)
✔ notarize failure exposes only safe stage, no usable artifacts (14.163333ms)
✔ verify failure exposes only safe stage, no usable artifacts (17.433833ms)
✔ package failure exposes only safe stage, no usable artifacts (15.706625ms)
✔ notary non-Accepted and debug entitlement fail closed before later tools (20.745459ms)
✔ existing output and unknown CLI switches refuse without tool calls (5.951167ms)
✔ unsupported host refuses before creating output or executing tools (2.765208ms)
ℹ tests 242
ℹ suites 0
ℹ pass 237
ℹ fail 0
ℹ cancelled 0
ℹ skipped 5
ℹ todo 0
ℹ duration_ms 2933.569834
