✔ real shared config preserves unrelated fields and restores selection in a fresh helper process (1745.122541ms)
✔ native appearance exposes every canonical preset once and preserves indexed color semantics (6.705917ms)
✔ system follows native appearance without persisting a host event; explicit themes stay pinned (0.552042ms)
✔ theme save uses shared patch, restart restores selection, and failed writes retain applied appearance (0.540958ms)
✔ bridge payload hashes match and rebuilding never overwrites an existing directory (458.817ms)
✔ dependency notices retain exact text and deduplicate input files (18.352292ms)
✔ malformed private config stays recoverable without leaking its contents (1105.362208ms)
✔ startup failure is reported at child exit without exposing diagnostic contents (34.454208ms)
✔ actual client identifies each HTTP failure stage without leaking response or credentials (58.81825ms)
✔ schema, stale selection and scope failures are distinct and sanitized (27.711583ms)
✔ successful catalog returns the same exact scoped pane configuration (4.089458ms)
✔ untrusted messages/names and invalid HTTP status cannot enter public diagnostics (2.222333ms)
✔ source unsupported daemon stays credential-free and refresh rechecks compatibility (1091.4425ms)
﹣ packaged unsupported daemon stays credential-free and refresh rechecks compatibility (0.173667ms) # Set TMUX_GPUI_TEST_APP to qualify the exact packaged helper
✔ discovery probes identity without credentials, then selects verified scope (36.713041ms)
✔ wrong identity never receives credentials (25.057459ms)
✔ non-loopback records are rejected before network access (5.913042ms)
✔ ambiguous server selection and replaced records fail closed (20.483958ms)
✔ matching old and future protocols reject before authenticated discovery (16.3475ms)
✔ fixed discovery categories distinguish absent owner, unavailable peer and server choice without secrets (6.381417ms)
✔ all public discovery guidance fits the native status limit (0.155333ms)
✔ fixture shutdown reaps a helper ignoring SIGTERM (86.67975ms)
✔ resize targets verified window only while holding geometry authority (1.139875ms)
✔ missing topology or authority denial never resizes (0.114166ms)
✔ topology changes and lost leases cannot redirect a resize (0.332541ms)
✔ pane removal invalidates the former resize target until its new layout arrives (0.062416ms)
✔ unidentified containing layout clears a previously verified target (0.039375ms)
✔ history viewport stays anchored across append and returns to live cursor (1.25775ms)
✔ trim preserves a surviving anchor; lost/reset/alternate-screen anchors return live (0.337166ms)
✔ retained history is bounded and never exceeds a thousand rows (21.363458ms)
✔ repeated row references cannot falsely prove an anchor occurrence (0.219667ms)
✔ serialized history budget and width changes cannot retain stale views (4.039042ms)
✔ semantic IDs remain exact; paneId alone never grants available navigation (1.051666ms)
✔ display controls removed and Unicode truncation preserves codepoints; private fields never published (0.272917ms)
✔ bounded ordered rows never sanitize oversized identities into another target (0.655209ms)
✔ click wire binds both old request and exact observed revision (2.721917ms)
✔ only registered sessions are observed; failures are partial and never invented empty success (15.90475ms)
✔ 32 session bound and four actual reads persist across abort-ignoring refreshes (1.262417ms)
✔ wrong generation is unavailable; dispose aborts and forbids late publication (0.480166ms)
✔ refresh clears actual projected rows immediately and detached agents cannot be activated (0.415417ms)
✔ attached rows use canonical sorting and current incarnation, never a same-name replacement (0.740375ms)
✔ input requires authority before sending and does not request it implicitly (1.065541ms)
✔ pins exact pane and never retries an ambiguous acknowledgement (1.251375ms)
✔ paste wraps once, preserves Unicode across chunks, and stays on its pane (1.493208ms)
✔ paste stops on authority loss and rejects invalid clipboard content before sending (1.387917ms)
﹣ local app retains binary identity and refuses replacement (0.647666ms) # SKIP
﹣ local launcher never resolves dirname through caller PATH (0.122125ms) # SKIP
﹣ assembler rejects a mismatched executable before running supplied tools (0.074958ms) # SKIP
✔ holds real frame and newest metadata; release is monotonic and then semantically transparent (1.434333ms)
✔ missing/unready latest frame cannot revive old held ready state (0.241291ms)
✔ bounds and source order/connection are fail closed (3.122458ms)
✔ helper eof reaps its owned real child (99.108333ms)
✔ helper signal reaps its owned real child (75.360875ms)
✔ specimen keeps Unicode, colored blanks, wrap and cursor explicit at multiple sizes (0.734292ms)
✔ unsupported geometry fails instead of silently clipping the specimen (0.17525ms)
﹣ actual PTY resize redraws the specimen with current stdout geometry (0.077416ms) # SKIP
✔ schema rejects controls/blank/oversize names and blind toggle (1.603542ms)
✔ action fence supports zoomed/single panes and retires on title/topology/lifetime changes (0.156958ms)
✔ rename submits exact semantic action once and validates receipt (0.929584ms)
✔ zoom submits exact semantic action once and validates receipt (0.299ms)
✔ stale token, foreign pane and lost input never dispatch (0.146375ms)
✔ geometry grant cannot cross pane lifetime or token changes (0.114125ms)
✔ mismatched and replayed receipts fail without retry; rejected mutation stays consumed (0.450875ms)
✔ zoom result must match explicit desired pane/state and retirement cannot report success (0.186042ms)
✔ fence survives content/name/focus changes, retires on topology and pane lifetime changes (1.079916ms)
✔ cached old resize canvas cannot grant token for current geometry (0.101375ms)
✔ zoom and single-pane layouts revoke gestures; restored splits get a fresh token (0.107833ms)
✔ exact semantic target and clamped receipt; outer status row converted once (2.530625ms)
✔ stale and missing targets cannot even acquire geometry authority (0.182917ms)
✔ authority wait revalidates token, lifetime and exact window (0.466583ms)
✔ post-dispatch replacement and foreign receipts never claim success (1.127291ms)
✔ malformed and oversized resize rejected (0.280375ms)
✔ clamped readback preserves exact validated operation identity and actual cells (0.248833ms)
✔ schema-valid foreign operation/generation/axis receipts and replaced lifetime are rejected (0.377334ms)
✔ controller-supplied operation UUID is preserved and malformed ID fails before authority (0.262292ms)
✔ background releases owned input and geometry; foreground only requests input (0.613208ms)
✔ background releases connection claims even without current grants (0.076875ms)
✔ closing viewer reaps an idle helper without waiting for another frame (44.4685ms)
✔ cancellation reaps both children, including a helper ignoring SIGTERM (141.468125ms)
✔ helper EOF reaches viewer and helper failure remains a failure (37.934125ms)
✔ missing executable reaps the other owned child (1.047375ms)
✔ already cancelled launch starts no processes (0.128292ms)
✔ duplex bridge carries native commands and helper publications (40.502042ms)
✔ publishes and ACKs only a complete authenticated snapshot (5.519208ms)
✔ rejects a replaced daemon generation and cannot revive after retirement (0.659ms)
✔ hash corruption clears the view without ACK (0.392875ms)
✔ disconnect ignores late callbacks and does not replay state (0.203916ms)
✔ verified newer incarnation changes lifetime only at complete commit (0.899416ms)
✔ failed replacement clears the committed lifetime without advertising its incarnation (0.818041ms)
✔ one pending and latest; receipt alone never settles, final release exact target waits for layout (23.244917ms)
✔ cancel discards queued targets, no retry, late receipt cannot resurrect gesture (1.238084ms)
✔ lifetime, competing authority and orthogonal topology retire pending motion (3.504166ms)
✔ unrelated idle geometry fails and gesture identity rejects stale moves (3.713541ms)
✔ receipt and new layout wait for coherent surfaces instead of cancelling on resize skew (1.736667ms)
✔ unrelated same-axis redistribution cannot receive a matching-token attestation (0.796ms)
✔ new gesture during cancelled in-flight operation gets an explicit refusal, old completion cannot replace it (0.953209ms)
✔ neighbor-only lifetime epoch replacement rejects pending receipt despite identical pane IDs and geometry (0.627708ms)
✔ session pane counts preserve daemon values, unknown stays absent and labels never become identity (1.882416ms)
✔ browser creates from initial Home once, keeps navigation responsive and requires refresh after uncertain failure (1232.35775ms)
✔ initial zero request and canonical name validation (2.716209ms)
✔ one pending operation survives reset and stale completion never refreshes (0.755709ms)
✔ creation or refresh failure stays blocked until explicit reset without leaking errors (1.047125ms)
✔ completion revision witnesses fast success even if pending is coalesced (0.20725ms)
✔ one pending request coalesces final release and rebases only after coherent successor (10.863875ms)
✔ clamped pointer is not resent; a new desired pointer may continue (1.39275ms)
✔ cancel preserves pending ownership and late completion cannot revive or overwrite (1.84875ms)
✔ missing successor, scope replacement and geometry lease loss fail closed (2.478292ms)
✔ output-only refresh survives but foreign idle geometry and stale commands do not (0.564792ms)
✔ pending canonical wait is bounded and late completion remains inert (1.13975ms)
✔ wire is strict and begin requires exact observed boundary and coherent ownership (0.523375ms)
✔ pending missing canvas remains inert and cancellation after release stays terminal (1.292917ms)
✔ receipt does not settle against a different complete canonical resource (1.052084ms)
✔ window identity ignores object key ordering at begin and during observation (0.198334ms)
✔ well-formed stale target or lost lease begins receive a failure ACK and fresh gestures recover (0.1595ms)
✔ publishes only matching canonical geometry and ignores output/label-only changes (10.912417ms)
✔ retires old reads on lifetime change even if cancellation is ignored (0.606375ms)
✔ wrong link or geometry never grants handles; unsupported reads do not retry on output (0.578833ms)
✔ clamped receipt permits changed layout after submission without retry (13.161958ms)
✔ stale layout during authority acquisition cannot dispatch (0.6545ms)
✔ wrong echoed target is refused even when actual boundary is plausible (0.597459ms)
✔ late scope and lifetime changes refuse result (0.89425ms)
✔ detached command survives caller mutation while waiting for authority (0.923584ms)
✔ malformed inputs and unknown split axis do not acquire or submit (0.806709ms)
✔ resource refresh after submission accepts receipt but absent pre-submit resource refuses (0.713625ms)
✔ retained window replacement after submission refuses even with no resource (0.426541ms)
✔ labels and duplicate window names never replace pane/window identities (0.741291ms)
✔ unverified joins and duplicate layouts cannot invent or duplicate choices (0.090334ms)
✔ native label byte limits preserve complete Unicode scalars (0.113542ms)
✔ initial preference uses current window active pane rather than inventory order (1.086583ms)
✔ canvas preserves tmux offsets, separator gap and selected cursor (1.3055ms)
✔ incomplete, resized, overlapping and unverified layouts never promote (2.696ms)
✔ top status row is outside pane content and cursor (1.234375ms)
✔ top status only reduces the outer pane in vertical splits (0.262166ms)
✔ bottom status row is outside pane content and cursor (0.072917ms)
✔ bottom status only reduces the outer pane in vertical splits (0.07475ms)
✔ layout-first resize retains one atomic presentation then promotes matching geometry (1.672666ms)
✔ surfaces-first resize retains one atomic presentation then promotes matching geometry (0.326666ms)
✔ sibling-first resize retains one atomic presentation then promotes matching geometry (0.205209ms)
✔ outer status row copy geometry and wrap flags remain paired with retained pixels (0.763541ms)
✔ scope replacement, missing surfaces, and invalid geometry clear retained state (0.951166ms)
✔ authority, presence or history disable clears cache even when read-only composition succeeds (0.248708ms)
✔ another instance and an initial skew cannot borrow an earlier coherent frame (0.123208ms)
✔ workspace navigation uses only read requests and rechecks exact session after inventory (50.944291ms)
✔ workspace click requires selected session in addition to request and roster revision (1.120458ms)
✔ strict preview metadata generates exact safe plist fields; development defaults remain (7.636833ms)
✔ unknown fields, types, namespace, injection and noncanonical numbers reject (0.172166ms)
✔ bounded metadata file rejects links/oversize; invalid explicit assembly metadata precedes binary execution/output (62.312875ms)
✔ standalone installer relocates, retains CLI behavior and refuses overwriting output (229.87025ms)
✔ synthetic verified lifecycle installs, repeats, upgrades, re-verifies rollback and detaches without deleting (97.420459ms)
✔ strict parser and platform failures make no installation or verifier calls (5.007416ms)
✔ policy rejects extra keys, oversized, private syntax and candidate-owned input before mutation (21.776625ms)
✔ verification denial preserves current, lock refuses, symlink root refuses and tmp alias is canonicalized (90.086083ms)
✔ executable help and invalid arguments emit bounded JSON without side effects (149.679458ms)
✔ FIFO policy is rejected without waiting for a writer (51.296958ms)
✔ script symlink invocation executes help rather than silently returning success (61.777959ms)
✔ relative destination cannot detach an existing installation (15.965125ms)
✔ release mode authenticates offer before installer seam and removes only empty owned staging (40.363542ms)
✔ release policy is exact, bounded and mandatory; unknown metadata cannot reach installer (8.305916ms)
✔ release failure preserves activation disposition and never erases unexpected staging leftovers (11.885833ms)
✔ release cancellation before/during offer creates no staging; transaction cancellation preserves disposition (11.682916ms)
✔ explicit recovery refuses a legacy empty lock without verification or mutation (13.181375ms)
✔ SIGKILL before activation preserves a complete selected version (149.083375ms)
✔ SIGKILL after activation preserves a complete selected version (93.334167ms)
✔ real SIGKILL before-activate: keep-current (129.796708ms)
✔ real SIGKILL candidate-renamed: keep-current (152.1975ms)
✔ real SIGKILL current-switched: keep-current (75.108083ms)
✔ real SIGKILL current-switched: restore-previous (84.444792ms)
✔ live PID, journal tamper and verifier denial leave lock and current untouched (112.679542ms)
✔ legacy empty lock refuses explicit recovery (20.355708ms)
✔ initial preactivation keeps no selection, verifies and quarantines candidate before retry (77.920417ms)
✔ CLI recovery after real SIGKILL requires policy and verifier (66.879541ms)
✔ recovery marker blocks normal mutation even after transaction lock is absent (7.212291ms)
✔ missing alias after switched current refuses without claiming a launch path (40.924583ms)
✔ verifier replacement of a managed candidate directory refuses before pointer mutation (40.105083ms)
✔ legacy prior without named alias recovers a usable launch path: keep-current (45.186208ms)
✔ legacy prior without named alias recovers a usable launch path: restore-previous (44.977167ms)
✔ initial activation and exact repeat verify private copies; upgrade retains rollback (97.726041ms)
✔ interruption before activation leaves previous pointer and no owned partial version (131.754667ms)
✔ verification is mandatory, denies false, and rejects verifier payload mutation (36.169625ms)
✔ uninstall detaches only and preserves retained apps plus unrelated configuration (27.030791ms)
✔ traversal, staging links, unrelated prefixes and foreign current entries fail closed (27.776458ms)
✔ stale locks and symlinked managed parents cannot mutate unrelated directories (19.587042ms)
✔ changed retained app denies rollback and uncertain ownership denies uninstall (39.979417ms)
✔ concurrent mutation is rejected before verifier while first transaction owns lock (36.761625ms)
✔ same version with changed content and symlinked root are rejected (35.313041ms)
✔ boundary parent replacement is detected before activation, preserving original and cleanup failures (41.999666ms)
✔ stable named launch alias survives upgrade/rollback and detach retains versions (95.232792ms)
✔ foreign launch entries deny all pointer mutations and failed first install leaves no alias (42.666167ms)
✔ legacy app layout upgrades and rolls back without migration; suffix mismatch and ambiguity reject (39.690209ms)
✔ repeat restoring a missing launch alias respects the preactivation guard (17.256333ms)
✔ uses bounded system verifiers and required Apple identity, never candidate execution (12.267333ms)
✔ requires explicit policy and rejects hostile requirement metadata before tools (5.360334ms)
✔ unsigned or rejected assessment, disabled Gatekeeper, malformed and incompatible metadata fail closed (15.702459ms)
✔ rejects redirected executable and app roots before any system command (8.672292ms)
✔ Mach-O deployment metadata must be macOS, unique and compatible with declared floor (12.216125ms)
✔ verifier composes with transaction's named staged bundle and checks nested signatures (56.588292ms)
✔ optional authenticated release version is checked after signature validation (54.135542ms)
✔ local receipt accepts copied native and excludes target and unrelated private root files (56.276792ms)
✔ binary tampering and edited/new/deleted Rust or asset inputs invalidate receipt (72.492125ms)
✔ before/after mutation refuses receipt; source symlinks are not followed (11.490916ms)
✔ malformed, stale-digest and redirected receipts fail closed (87.132666ms)
✔ Cargo executable selection rejects stale guesses, wrong package and ambiguous outputs (0.289208ms)
✔ Cargo failure preserves bounded rendered errors rather than unrelated artifact JSON (0.250833ms)
✔ authentication precedes all fetch and directory mutation (10.738375ms)
✔ actual HTTP stream via exact test-origin rewrite verifies bytes and private staging (33.952958ms)
✔ truncated, excess, corrupt, encoded and HTTP failure bodies never survive (23.841875ms)
✔ manual redirects cancel bodies, obey origin/HTTPS policy and stop after three (21.615125ms)
✔ caller abort bounds stalled headers/body and removes partial files (29.206792ms)
✔ unsafe destination and URL policy fail closed without network (5.697334ms)
✔ fixed 120-second deadline also rejects a transport ignoring its signal (4.068792ms)
✔ system USTAR nested app extracts exact bytes and normalized permissions (25.310042ms)
✔ signature/digest failure happens before any extraction, preserving archive and unrelated data (18.764292ms)
✔ unsafe names, duplicates, special modes, types and ancestor collisions are rejected (113.242833ms)
✔ corrupt headers, unsupported formats/numbers, truncation and nonzero trailing data fail (89.375416ms)
✔ cancellation before and during extraction removes only owned staging (43.976833ms)
✔ real download/extraction/transaction install, repeat and upgrade verify the private copy/version (152.582083ms)
✔ authentication, platform, policy and path overlap refuse before fetching or creating installs (22.030625ms)
✔ malformed archive, version mismatch, verifier denial and cancellation preserve prior current (89.419125ms)
✔ caller mutation during fetch cannot change pinned version, Apple policy or paths (22.263375ms)
✔ cleanup failure after activation reports active release without implying rollback (22.553ms)
✔ original verifier failure and independent cleanup failures are both retained (14.559458ms)
✔ exact signed roundtrip returns an independent frozen asset (3.254375ms)
✔ tampered body/whitespace, wrong key and unsigned malformed JSON fail authentication first (0.999375ms)
✔ authenticated payloads still require exact schema, target, name, digest and expected version (1.464042ms)
✔ archive and manifest byte bounds are inclusive and types strict (1.965375ms)
✔ versions use installer-safe identity, not calendar parsing or ordering (0.565167ms)
✔ real loopback metadata stream authenticates exact bytes and pinned version directory (20.440916ms)
✔ invalid, oversized, mismatched or unauthenticated offers never return (3.818625ms)
✔ trusted redirects permit signed queries; unsafe redirects/caps refuse and bodies cancel (1.236459ms)
✔ caller cancellation bounds stalled headers/body; common deadline covers both metadata requests (21.931333ms)
✔ actual producer is deterministic and authenticated extractor restores bytes and executable mode (107.486958ms)
✔ links, aliases, unsafe names and special permissions reject without output or source mutation (195.874833ms)
✔ existing output and source-contained destinations are never overwritten; version/name is exact (105.120042ms)
✔ inventory rejects case aliases independent of filesystem and lower test limits fail safely (54.611583ms)
✔ private signing sequence preserves historical inputs and binds transformation (84.289708ms)
✔ sign-native failure exposes only safe stage, no usable artifacts (16.387958ms)
✔ notarize failure exposes only safe stage, no usable artifacts (15.6175ms)
✔ verify failure exposes only safe stage, no usable artifacts (12.53325ms)
✔ package failure exposes only safe stage, no usable artifacts (11.094ms)
✔ notary non-Accepted and debug entitlement fail closed before later tools (13.5155ms)
✔ existing output and unknown CLI switches refuse without tool calls (3.140833ms)
✔ unsupported host refuses before creating output or executing tools (2.8195ms)
✔ caller mutation cannot change validated identity or profile across awaits (42.146292ms)
✔ numeric policy scalars reject before copy or signing (4.088708ms)
✔ roundtrip rejects altered packaged bytes before final publication (43.688667ms)
✔ extracted app must independently pass Apple verification (42.293667ms)
ℹ tests 246
ℹ suites 0
ℹ pass 241
ℹ fail 0
ℹ cancelled 0
ℹ skipped 5
ℹ todo 0
ℹ duration_ms 3243.609
