✔ real shared config preserves unrelated fields and restores selection in a fresh helper process (1829.212541ms)
✔ native appearance exposes every canonical preset once and preserves indexed color semantics (16.008417ms)
✔ system follows native appearance without persisting a host event; explicit themes stay pinned (1.386833ms)
✔ theme save uses shared patch, restart restores selection, and failed writes retain applied appearance (1.511833ms)
✔ bridge payload hashes match and rebuilding never overwrites an existing directory (343.5035ms)
✔ dependency notices retain exact text and deduplicate input files (20.085417ms)
✔ malformed private config stays recoverable without leaking its contents (1063.286917ms)
✔ startup failure is reported at child exit without exposing diagnostic contents (42.334583ms)
✔ actual client identifies each HTTP failure stage without leaking response or credentials (114.91375ms)
✔ schema, stale selection and scope failures are distinct and sanitized (54.373625ms)
✔ successful catalog returns the same exact scoped pane configuration (5.723917ms)
✔ untrusted messages/names and invalid HTTP status cannot enter public diagnostics (0.309083ms)
✔ source unsupported daemon stays credential-free and refresh rechecks compatibility (1209.162459ms)
﹣ packaged unsupported daemon stays credential-free and refresh rechecks compatibility (0.341542ms) # Set TMUX_GPUI_TEST_APP to qualify the exact packaged helper
✔ discovery probes identity without credentials, then selects verified scope (84.963459ms)
✔ wrong identity never receives credentials (29.526208ms)
✔ non-loopback records are rejected before network access (6.175291ms)
✔ ambiguous server selection and replaced records fail closed (16.80275ms)
✔ matching old and future protocols reject before authenticated discovery (22.833916ms)
✔ fixed discovery categories distinguish absent owner, unavailable peer and server choice without secrets (8.27825ms)
✔ all public discovery guidance fits the native status limit (0.171625ms)
✔ fixture shutdown reaps a helper ignoring SIGTERM (91.605709ms)
✔ resize targets verified window only while holding geometry authority (1.127959ms)
✔ missing topology or authority denial never resizes (0.110959ms)
✔ topology changes and lost leases cannot redirect a resize (0.330375ms)
✔ pane removal invalidates the former resize target until its new layout arrives (0.059083ms)
✔ unidentified containing layout clears a previously verified target (0.039041ms)
✔ history viewport stays anchored across append and returns to live cursor (2.044292ms)
✔ trim preserves a surviving anchor; lost/reset/alternate-screen anchors return live (0.324084ms)
✔ retained history is bounded and never exceeds a thousand rows (11.360708ms)
✔ repeated row references cannot falsely prove an anchor occurrence (0.210042ms)
✔ serialized history budget and width changes cannot retain stale views (5.918792ms)
✔ semantic IDs remain exact; paneId alone never grants available navigation (0.5445ms)
✔ display controls removed and Unicode truncation preserves codepoints; private fields never published (0.12225ms)
✔ bounded ordered rows never sanitize oversized identities into another target (0.299209ms)
✔ click wire binds both old request and exact observed revision (1.375875ms)
✔ only registered sessions are observed; failures are partial and never invented empty success (11.203ms)
✔ 32 session bound and four actual reads persist across abort-ignoring refreshes (1.231458ms)
✔ wrong generation is unavailable; dispose aborts and forbids late publication (0.489875ms)
✔ refresh clears actual projected rows immediately and detached agents cannot be activated (0.43725ms)
✔ attached rows use canonical sorting and current incarnation, never a same-name replacement (0.788083ms)
✔ input requires authority before sending and does not request it implicitly (0.591458ms)
✔ pins exact pane and never retries an ambiguous acknowledgement (0.615917ms)
✔ paste wraps once, preserves Unicode across chunks, and stays on its pane (1.581791ms)
✔ paste stops on authority loss and rejects invalid clipboard content before sending (3.292875ms)
﹣ local app retains binary identity and refuses replacement (0.605125ms) # SKIP
﹣ local launcher never resolves dirname through caller PATH (0.094292ms) # SKIP
﹣ assembler rejects a mismatched executable before running supplied tools (0.0715ms) # SKIP
✔ holds real frame and newest metadata; release is monotonic and then semantically transparent (0.887875ms)
✔ missing/unready latest frame cannot revive old held ready state (0.242292ms)
✔ bounds and source order/connection are fail closed (5.01625ms)
✔ helper eof reaps its owned real child (96.111208ms)
✔ helper signal reaps its owned real child (85.070167ms)
✔ specimen keeps Unicode, colored blanks, wrap and cursor explicit at multiple sizes (1.558041ms)
✔ unsupported geometry fails instead of silently clipping the specimen (0.383708ms)
﹣ actual PTY resize redraws the specimen with current stdout geometry (0.165333ms) # SKIP
✔ schema rejects controls/blank/oversize names and blind toggle (5.959167ms)
✔ action fence supports zoomed/single panes and retires on title/topology/lifetime changes (0.504292ms)
✔ rename submits exact semantic action once and validates receipt (1.808042ms)
✔ zoom submits exact semantic action once and validates receipt (0.55675ms)
✔ stale token, foreign pane and lost input never dispatch (0.323542ms)
✔ geometry grant cannot cross pane lifetime or token changes (0.267ms)
✔ mismatched and replayed receipts fail without retry; rejected mutation stays consumed (1.121667ms)
✔ zoom result must match explicit desired pane/state and retirement cannot report success (0.259625ms)
✔ fence survives content/name/focus changes, retires on topology and pane lifetime changes (0.57425ms)
✔ cached old resize canvas cannot grant token for current geometry (0.4935ms)
✔ zoom and single-pane layouts revoke gestures; restored splits get a fresh token (0.144083ms)
✔ exact semantic target and clamped receipt; outer status row converted once (1.434375ms)
✔ stale and missing targets cannot even acquire geometry authority (0.156834ms)
✔ authority wait revalidates token, lifetime and exact window (0.246584ms)
✔ post-dispatch replacement and foreign receipts never claim success (0.712333ms)
✔ malformed and oversized resize rejected (0.234792ms)
✔ clamped readback preserves exact validated operation identity and actual cells (0.215042ms)
✔ schema-valid foreign operation/generation/axis receipts and replaced lifetime are rejected (0.3775ms)
✔ controller-supplied operation UUID is preserved and malformed ID fails before authority (0.25775ms)
✔ split refresh cannot attach after background while fresh inventory is pending (0.411625ms)
✔ split refresh cannot attach after navigation while fresh inventory is pending (0.054625ms)
✔ split refresh cannot attach after session while fresh inventory is pending (0.048458ms)
✔ split refresh cannot attach after catalog while fresh inventory is pending (0.041875ms)
✔ split refresh cannot attach after stop while fresh inventory is pending (0.040667ms)
✔ split refresh requires both exact receipt-created pane and retained source, without fallback (0.166667ms)
✔ split right returns exact new-pane receipt once (2.29025ms)
✔ split down returns exact new-pane receipt once (0.140125ms)
✔ split rejects malformed directions and uncertain/mismatched receipts without retry (1.089125ms)
✔ split consumes pending token and rechecks lifetime/input/geometry after acquisition (0.223959ms)
✔ split refusal and retirement cannot be retried or report success (0.252417ms)
✔ a delayed split receipt cannot reattach after lifetime replacement or authority loss (0.157875ms)
✔ background releases owned input and geometry; foreground only requests input (0.661125ms)
✔ background releases connection claims even without current grants (0.080583ms)
✔ closing viewer reaps an idle helper without waiting for another frame (41.100042ms)
✔ cancellation reaps both children, including a helper ignoring SIGTERM (143.75825ms)
✔ helper EOF reaches viewer and helper failure remains a failure (38.095709ms)
✔ missing executable reaps the other owned child (3.243792ms)
✔ already cancelled launch starts no processes (0.314125ms)
✔ duplex bridge carries native commands and helper publications (40.0665ms)
✔ publishes and ACKs only a complete authenticated snapshot (17.79875ms)
✔ rejects a replaced daemon generation and cannot revive after retirement (0.669833ms)
✔ hash corruption clears the view without ACK (0.404916ms)
✔ disconnect ignores late callbacks and does not replay state (0.203041ms)
✔ verified newer incarnation changes lifetime only at complete commit (0.698583ms)
✔ failed replacement clears the committed lifetime without advertising its incarnation (0.486459ms)
✔ one pending and latest; receipt alone never settles, final release exact target waits for layout (12.865291ms)
✔ cancel discards queued targets, no retry, late receipt cannot resurrect gesture (4.1825ms)
✔ lifetime, competing authority and orthogonal topology retire pending motion (4.635583ms)
✔ unrelated idle geometry fails and gesture identity rejects stale moves (0.524916ms)
✔ receipt and new layout wait for coherent surfaces instead of cancelling on resize skew (0.72225ms)
✔ unrelated same-axis redistribution cannot receive a matching-token attestation (1.210417ms)
✔ new gesture during cancelled in-flight operation gets an explicit refusal, old completion cannot replace it (0.785084ms)
✔ neighbor-only lifetime epoch replacement rejects pending receipt despite identical pane IDs and geometry (0.842417ms)
✔ session pane counts preserve daemon values, unknown stays absent and labels never become identity (1.015417ms)
✔ browser creates from initial Home once, keeps navigation responsive and requires refresh after uncertain failure (1307.448542ms)
✔ initial zero request and canonical name validation (2.464ms)
✔ one pending operation survives reset and stale completion never refreshes (0.703459ms)
✔ creation or refresh failure stays blocked until explicit reset without leaking errors (0.864791ms)
✔ completion revision witnesses fast success even if pending is coalesced (0.232584ms)
✔ one pending request coalesces final release and rebases only after coherent successor (34.817666ms)
✔ clamped pointer is not resent; a new desired pointer may continue (15.961625ms)
✔ cancel preserves pending ownership and late completion cannot revive or overwrite (2.523667ms)
✔ missing successor, scope replacement and geometry lease loss fail closed (4.939584ms)
✔ output-only refresh survives but foreign idle geometry and stale commands do not (0.495709ms)
✔ pending canonical wait is bounded and late completion remains inert (3.716042ms)
✔ wire is strict and begin requires exact observed boundary and coherent ownership (2.162416ms)
✔ pending missing canvas remains inert and cancellation after release stays terminal (1.788208ms)
✔ receipt does not settle against a different complete canonical resource (1.469167ms)
✔ window identity ignores object key ordering at begin and during observation (0.266542ms)
✔ well-formed stale target or lost lease begins receive a failure ACK and fresh gestures recover (0.266708ms)
✔ publishes only matching canonical geometry and ignores output/label-only changes (13.148375ms)
✔ retires old reads on lifetime change even if cancellation is ignored (0.549625ms)
✔ wrong link or geometry never grants handles; unsupported reads do not retry on output (0.519292ms)
✔ clamped receipt permits changed layout after submission without retry (4.263667ms)
✔ stale layout during authority acquisition cannot dispatch (0.312875ms)
✔ wrong echoed target is refused even when actual boundary is plausible (0.268542ms)
✔ late scope and lifetime changes refuse result (0.532542ms)
✔ detached command survives caller mutation while waiting for authority (0.211292ms)
✔ malformed inputs and unknown split axis do not acquire or submit (0.343917ms)
✔ resource refresh after submission accepts receipt but absent pre-submit resource refuses (0.242417ms)
✔ retained window replacement after submission refuses even with no resource (0.164292ms)
✔ labels and duplicate window names never replace pane/window identities (0.752542ms)
✔ unverified joins and duplicate layouts cannot invent or duplicate choices (0.090375ms)
✔ native label byte limits preserve complete Unicode scalars (0.108083ms)
✔ initial preference uses current window active pane rather than inventory order (0.098375ms)
✔ canvas preserves tmux offsets, separator gap and selected cursor (0.493375ms)
✔ incomplete, resized, overlapping and unverified layouts never promote (0.18025ms)
✔ top status row is outside pane content and cursor (0.129416ms)
✔ top status only reduces the outer pane in vertical splits (0.063875ms)
✔ bottom status row is outside pane content and cursor (0.054ms)
✔ bottom status only reduces the outer pane in vertical splits (0.037709ms)
✔ layout-first resize retains one atomic presentation then promotes matching geometry (1.890166ms)
✔ surfaces-first resize retains one atomic presentation then promotes matching geometry (0.278917ms)
✔ sibling-first resize retains one atomic presentation then promotes matching geometry (0.164125ms)
✔ outer status row copy geometry and wrap flags remain paired with retained pixels (0.759667ms)
✔ scope replacement, missing surfaces, and invalid geometry clear retained state (0.69525ms)
✔ authority, presence or history disable clears cache even when read-only composition succeeds (0.400958ms)
✔ another instance and an initial skew cannot borrow an earlier coherent frame (0.215333ms)
✔ workspace navigation uses only read requests and rechecks exact session after inventory (92.730667ms)
✔ workspace click requires selected session in addition to request and roster revision (0.959458ms)
✔ strict preview metadata generates exact safe plist fields; development defaults remain (6.305583ms)
✔ unknown fields, types, namespace, injection and noncanonical numbers reject (0.463958ms)
✔ bounded metadata file rejects links/oversize; invalid explicit assembly metadata precedes binary execution/output (56.18575ms)
✔ standalone installer relocates, retains CLI behavior and refuses overwriting output (213.261791ms)
✔ synthetic verified lifecycle installs, repeats, upgrades, re-verifies rollback and detaches without deleting (76.515584ms)
✔ strict parser and platform failures make no installation or verifier calls (2.749333ms)
✔ policy rejects extra keys, oversized, private syntax and candidate-owned input before mutation (12.250708ms)
✔ verification denial preserves current, lock refuses, symlink root refuses and tmp alias is canonicalized (79.703625ms)
✔ executable help and invalid arguments emit bounded JSON without side effects (92.750791ms)
✔ FIFO policy is rejected without waiting for a writer (52.888333ms)
✔ script symlink invocation executes help rather than silently returning success (50.674375ms)
✔ relative destination cannot detach an existing installation (22.918125ms)
✔ release mode authenticates offer before installer seam and removes only empty owned staging (41.927375ms)
✔ release policy is exact, bounded and mandatory; unknown metadata cannot reach installer (5.528417ms)
✔ release failure preserves activation disposition and never erases unexpected staging leftovers (9.950125ms)
✔ release cancellation before/during offer creates no staging; transaction cancellation preserves disposition (13.346041ms)
✔ explicit recovery refuses a legacy empty lock without verification or mutation (14.287ms)
✔ SIGKILL before activation preserves a complete selected version (73.335167ms)
✔ SIGKILL after activation preserves a complete selected version (90.358875ms)
✔ real SIGKILL before-activate: keep-current (88.773958ms)
✔ real SIGKILL candidate-renamed: keep-current (104.341458ms)
✔ real SIGKILL current-switched: keep-current (95.049084ms)
✔ real SIGKILL current-switched: restore-previous (106.518834ms)
✔ live PID, journal tamper and verifier denial leave lock and current untouched (72.442875ms)
✔ legacy empty lock refuses explicit recovery (8.4685ms)
✔ initial preactivation keeps no selection, verifies and quarantines candidate before retry (84.848125ms)
✔ CLI recovery after real SIGKILL requires policy and verifier (119.029625ms)
✔ recovery marker blocks normal mutation even after transaction lock is absent (13.205292ms)
✔ missing alias after switched current refuses without claiming a launch path (58.56ms)
✔ verifier replacement of a managed candidate directory refuses before pointer mutation (56.618208ms)
✔ legacy prior without named alias recovers a usable launch path: keep-current (66.94575ms)
✔ legacy prior without named alias recovers a usable launch path: restore-previous (65.751375ms)
✔ initial activation and exact repeat verify private copies; upgrade retains rollback (54.243458ms)
✔ interruption before activation leaves previous pointer and no owned partial version (57.397291ms)
✔ verification is mandatory, denies false, and rejects verifier payload mutation (20.326791ms)
✔ uninstall detaches only and preserves retained apps plus unrelated configuration (18.443666ms)
✔ traversal, staging links, unrelated prefixes and foreign current entries fail closed (21.369833ms)
✔ stale locks and symlinked managed parents cannot mutate unrelated directories (57.224292ms)
✔ changed retained app denies rollback and uncertain ownership denies uninstall (89.343291ms)
✔ concurrent mutation is rejected before verifier while first transaction owns lock (40.735541ms)
✔ same version with changed content and symlinked root are rejected (40.222834ms)
✔ boundary parent replacement is detected before activation, preserving original and cleanup failures (26.983333ms)
✔ stable named launch alias survives upgrade/rollback and detach retains versions (86.489ms)
✔ foreign launch entries deny all pointer mutations and failed first install leaves no alias (90.400584ms)
✔ legacy app layout upgrades and rolls back without migration; suffix mismatch and ambiguity reject (57.2475ms)
✔ repeat restoring a missing launch alias respects the preactivation guard (18.407916ms)
✔ uses bounded system verifiers and required Apple identity, never candidate execution (14.13775ms)
✔ requires explicit policy and rejects hostile requirement metadata before tools (5.238958ms)
✔ unsigned or rejected assessment, disabled Gatekeeper, malformed and incompatible metadata fail closed (12.293958ms)
✔ rejects redirected executable and app roots before any system command (4.086625ms)
✔ Mach-O deployment metadata must be macOS, unique and compatible with declared floor (7.683ms)
✔ verifier composes with transaction's named staged bundle and checks nested signatures (28.365459ms)
✔ optional authenticated release version is checked after signature validation (7.160542ms)
✔ local receipt accepts copied native and excludes target and unrelated private root files (38.992916ms)
✔ binary tampering and edited/new/deleted Rust or asset inputs invalidate receipt (89.037917ms)
✔ before/after mutation refuses receipt; source symlinks are not followed (14.134791ms)
✔ malformed, stale-digest and redirected receipts fail closed (52.142375ms)
✔ Cargo executable selection rejects stale guesses, wrong package and ambiguous outputs (0.49075ms)
✔ Cargo failure preserves bounded rendered errors rather than unrelated artifact JSON (0.210417ms)
✔ authentication precedes all fetch and directory mutation (6.02575ms)
✔ actual HTTP stream via exact test-origin rewrite verifies bytes and private staging (40.661625ms)
✔ truncated, excess, corrupt, encoded and HTTP failure bodies never survive (30.906209ms)
✔ manual redirects cancel bodies, obey origin/HTTPS policy and stop after three (14.743042ms)
✔ caller abort bounds stalled headers/body and removes partial files (40.975ms)
✔ unsafe destination and URL policy fail closed without network (7.61825ms)
✔ fixed 120-second deadline also rejects a transport ignoring its signal (4.303875ms)
✔ system USTAR nested app extracts exact bytes and normalized permissions (33.246584ms)
✔ signature/digest failure happens before any extraction, preserving archive and unrelated data (24.546958ms)
✔ unsafe names, duplicates, special modes, types and ancestor collisions are rejected (117.448875ms)
✔ corrupt headers, unsupported formats/numbers, truncation and nonzero trailing data fail (109.516416ms)
✔ cancellation before and during extraction removes only owned staging (54.899541ms)
✔ real download/extraction/transaction install, repeat and upgrade verify the private copy/version (115.459083ms)
✔ authentication, platform, policy and path overlap refuse before fetching or creating installs (10.324125ms)
✔ malformed archive, version mismatch, verifier denial and cancellation preserve prior current (78.458416ms)
✔ caller mutation during fetch cannot change pinned version, Apple policy or paths (23.915333ms)
✔ cleanup failure after activation reports active release without implying rollback (24.831916ms)
✔ original verifier failure and independent cleanup failures are both retained (22.078708ms)
✔ exact signed roundtrip returns an independent frozen asset (1.437917ms)
✔ tampered body/whitespace, wrong key and unsigned malformed JSON fail authentication first (0.873708ms)
✔ authenticated payloads still require exact schema, target, name, digest and expected version (3.244417ms)
✔ archive and manifest byte bounds are inclusive and types strict (1.181334ms)
✔ versions use installer-safe identity, not calendar parsing or ordering (0.545084ms)
✔ real loopback metadata stream authenticates exact bytes and pinned version directory (27.435042ms)
✔ invalid, oversized, mismatched or unauthenticated offers never return (6.37075ms)
✔ trusted redirects permit signed queries; unsafe redirects/caps refuse and bodies cancel (1.428958ms)
✔ caller cancellation bounds stalled headers/body; common deadline covers both metadata requests (24.01ms)
✔ actual producer is deterministic and authenticated extractor restores bytes and executable mode (120.94475ms)
✔ links, aliases, unsafe names and special permissions reject without output or source mutation (226.1035ms)
✔ existing output and source-contained destinations are never overwritten; version/name is exact (118.421709ms)
✔ inventory rejects case aliases independent of filesystem and lower test limits fail safely (65.236792ms)
✔ private signing sequence preserves historical inputs and binds transformation (82.914208ms)
✔ sign-native failure exposes only safe stage, no usable artifacts (18.464125ms)
✔ notarize failure exposes only safe stage, no usable artifacts (17.402416ms)
✔ verify failure exposes only safe stage, no usable artifacts (20.826125ms)
✔ package failure exposes only safe stage, no usable artifacts (16.899084ms)
✔ notary non-Accepted and debug entitlement fail closed before later tools (29.828708ms)
✔ existing output and unknown CLI switches refuse without tool calls (6.312542ms)
✔ unsupported host refuses before creating output or executing tools (4.944292ms)
✔ caller mutation cannot change validated identity or profile across awaits (54.238792ms)
✔ numeric policy scalars reject before copy or signing (4.087625ms)
✔ roundtrip rejects altered packaged bytes before final publication (45.185541ms)
✔ extracted app must independently pass Apple verification (43.412458ms)
ℹ tests 258
ℹ suites 0
ℹ pass 253
ℹ fail 0
ℹ cancelled 0
ℹ skipped 5
ℹ todo 0
ℹ duration_ms 3299.716875
