✔ real shared config preserves unrelated fields and restores selection in a fresh helper process (1697.980083ms)
✔ native appearance exposes every canonical preset once and preserves indexed color semantics (7.050125ms)
✔ system follows native appearance without persisting a host event; explicit themes stay pinned (0.57075ms)
✔ theme save uses shared patch, restart restores selection, and failed writes retain applied appearance (0.625416ms)
✔ bridge payload hashes match and rebuilding never overwrites an existing directory (402.1735ms)
✔ dependency notices retain exact text and deduplicate input files (17.542875ms)
✔ malformed private config stays recoverable without leaking its contents (1145.344458ms)
✔ startup failure is reported at child exit without exposing diagnostic contents (62.4195ms)
✔ trace forwards exact fragmented bytes and records only navigation metadata (42.67675ms)
✔ aborted fixture reaps its exact child without forwarding private input data (2.566917ms)
✔ bounded retirement handles an EOF-ignoring child and an unconsumed output (3041.245708ms)
✔ actual client identifies each HTTP failure stage without leaking response or credentials (113.789958ms)
✔ schema, stale selection and scope failures are distinct and sanitized (28.985167ms)
✔ successful catalog returns the same exact scoped pane configuration (12.854541ms)
✔ untrusted messages/names and invalid HTTP status cannot enter public diagnostics (0.941208ms)
✔ source unsupported daemon stays credential-free and refresh rechecks compatibility (1033.831791ms)
﹣ packaged unsupported daemon stays credential-free and refresh rechecks compatibility (0.172791ms) # Set TMUX_GPUI_TEST_APP to qualify the exact packaged helper
✔ discovery probes identity without credentials, then selects verified scope (65.953ms)
✔ wrong identity never receives credentials (13.035625ms)
✔ non-loopback records are rejected before network access (5.306209ms)
✔ ambiguous server selection and replaced records fail closed (15.30525ms)
✔ matching old and future protocols reject before authenticated discovery (12.636791ms)
✔ fixed discovery categories distinguish absent owner, unavailable peer and server choice without secrets (4.04675ms)
✔ all public discovery guidance fits the native status limit (0.2475ms)
✔ fixture shutdown reaps a helper ignoring SIGTERM (86.86175ms)
✔ resize targets verified window only while holding geometry authority (3.073708ms)
✔ missing topology or authority denial never resizes (0.338209ms)
✔ topology changes and lost leases cannot redirect a resize (0.782125ms)
✔ pane removal invalidates the former resize target until its new layout arrives (0.489209ms)
✔ unidentified containing layout clears a previously verified target (0.144583ms)
✔ history viewport stays anchored across append and returns to live cursor (0.604291ms)
✔ trim preserves a surviving anchor; lost/reset/alternate-screen anchors return live (0.138833ms)
✔ retained history is bounded and never exceeds a thousand rows (5.584625ms)
✔ repeated row references cannot falsely prove an anchor occurrence (0.119834ms)
✔ serialized history budget and width changes cannot retain stale views (4.128167ms)
✔ semantic IDs remain exact; paneId alone never grants available navigation (0.720708ms)
✔ display controls removed and Unicode truncation preserves codepoints; private fields never published (0.127333ms)
✔ bounded ordered rows never sanitize oversized identities into another target (0.342083ms)
✔ click wire binds both old request and exact observed revision (1.411125ms)
✔ only registered sessions are observed; failures are partial and never invented empty success (12.870916ms)
✔ 32 session bound and four actual reads persist across abort-ignoring refreshes (1.889541ms)
✔ wrong generation is unavailable; dispose aborts and forbids late publication (0.583917ms)
✔ refresh clears actual projected rows immediately and detached agents cannot be activated (0.472417ms)
✔ attached rows use canonical sorting and current incarnation, never a same-name replacement (0.802917ms)
✔ input requires authority before sending and does not request it implicitly (0.595875ms)
✔ pins exact pane and never retries an ambiguous acknowledgement (0.623875ms)
✔ paste wraps once, preserves Unicode across chunks, and stays on its pane (2.21925ms)
✔ paste stops on authority loss and rejects invalid clipboard content before sending (4.231459ms)
﹣ local app retains binary identity and refuses replacement (0.680083ms) # SKIP
﹣ local launcher never resolves dirname through caller PATH (0.388791ms) # SKIP
﹣ assembler rejects a mismatched executable before running supplied tools (0.056333ms) # SKIP
✔ holds real frame and newest metadata; release is monotonic and then semantically transparent (0.955875ms)
✔ missing/unready latest frame cannot revive old held ready state (0.110542ms)
✔ bounds and source order/connection are fail closed (2.922041ms)
✔ helper eof reaps its owned real child (78.86375ms)
✔ helper signal reaps its owned real child (85.091083ms)
✔ specimen keeps Unicode, colored blanks, wrap and cursor explicit at multiple sizes (1.635084ms)
✔ unsupported geometry fails instead of silently clipping the specimen (0.198333ms)
﹣ actual PTY resize redraws the specimen with current stdout geometry (0.082041ms) # SKIP
✔ schema rejects controls/blank/oversize names and blind toggle (3.503167ms)
✔ action fence supports zoomed/single panes and retires on title/topology/lifetime changes (0.444459ms)
✔ rename submits exact semantic action once and validates receipt (2.998958ms)
✔ zoom submits exact semantic action once and validates receipt (0.7505ms)
✔ stale token, foreign pane and lost input never dispatch (0.447333ms)
✔ geometry grant cannot cross pane lifetime or token changes (0.338542ms)
✔ mismatched and replayed receipts fail without retry; rejected mutation stays consumed (1.469708ms)
✔ zoom result must match explicit desired pane/state and retirement cannot report success (0.337667ms)
✔ fence survives content/name/focus changes, retires on topology and pane lifetime changes (0.592584ms)
✔ cached old resize canvas cannot grant token for current geometry (0.103292ms)
✔ zoom and single-pane layouts revoke gestures; restored splits get a fresh token (0.093417ms)
✔ exact semantic target and clamped receipt; outer status row converted once (3.348333ms)
✔ stale and missing targets cannot even acquire geometry authority (0.499792ms)
✔ authority wait revalidates token, lifetime and exact window (0.644541ms)
✔ post-dispatch replacement and foreign receipts never claim success (1.049334ms)
✔ malformed and oversized resize rejected (0.28375ms)
✔ clamped readback preserves exact validated operation identity and actual cells (0.261959ms)
✔ schema-valid foreign operation/generation/axis receipts and replaced lifetime are rejected (0.3885ms)
✔ controller-supplied operation UUID is preserved and malformed ID fails before authority (0.260125ms)
✔ split refresh cannot attach after background while fresh inventory is pending (0.537125ms)
✔ split refresh cannot attach after navigation while fresh inventory is pending (0.058625ms)
✔ split refresh cannot attach after session while fresh inventory is pending (0.043958ms)
✔ split refresh cannot attach after catalog while fresh inventory is pending (0.0415ms)
✔ split refresh cannot attach after stop while fresh inventory is pending (0.054542ms)
✔ split refresh requires both exact receipt-created pane and retained source, without fallback (0.252167ms)
✔ split metadata cannot commit after background during session read (0.164ms)
✔ split metadata cannot commit after navigation during session read (0.064084ms)
✔ split metadata cannot commit after session during session read (0.061875ms)
✔ split metadata cannot commit after catalog during session read (0.08125ms)
✔ split metadata cannot commit after stop during session read (0.053959ms)
✔ split refresh retains authoritative whole-session count and unknown counts without inference (0.32975ms)
✔ missing or ambiguous selected session metadata cannot commit a split refresh (0.113542ms)
✔ split right returns exact new-pane receipt once (4.096334ms)
✔ split down returns exact new-pane receipt once (0.534125ms)
✔ split rejects malformed directions and uncertain/mismatched receipts without retry (0.944834ms)
✔ split consumes pending token and rechecks lifetime/input/geometry after acquisition (0.179375ms)
✔ split refusal and retirement cannot be retried or report success (0.227791ms)
✔ a delayed split receipt cannot reattach after lifetime replacement or authority loss (0.145958ms)
✔ background releases owned input and geometry; foreground only requests input (0.714833ms)
✔ background releases connection claims even without current grants (0.089625ms)
✔ closing viewer reaps an idle helper without waiting for another frame (57.281709ms)
✔ cancellation reaps both children, including a helper ignoring SIGTERM (169.626459ms)
✔ helper EOF reaches viewer and helper failure remains a failure (36.670875ms)
✔ missing executable reaps the other owned child (0.996291ms)
✔ already cancelled launch starts no processes (0.125459ms)
✔ duplex bridge carries native commands and helper publications (32.285583ms)
✔ publishes and ACKs only a complete authenticated snapshot (3.590125ms)
✔ rejects a replaced daemon generation and cannot revive after retirement (1.480666ms)
✔ hash corruption clears the view without ACK (1.178875ms)
✔ disconnect ignores late callbacks and does not replay state (0.782333ms)
✔ verified newer incarnation changes lifetime only at complete commit (2.844166ms)
✔ failed replacement clears the committed lifetime without advertising its incarnation (0.820292ms)
✔ one pending and latest; receipt alone never settles, final release exact target waits for layout (32.270375ms)
✔ cancel discards queued targets, no retry, late receipt cannot resurrect gesture (1.995416ms)
✔ lifetime, competing authority and orthogonal topology retire pending motion (5.208417ms)
✔ unrelated idle geometry fails and gesture identity rejects stale moves (2.2065ms)
✔ receipt and new layout wait for coherent surfaces instead of cancelling on resize skew (3.821958ms)
✔ unrelated same-axis redistribution cannot receive a matching-token attestation (1.24225ms)
✔ new gesture during cancelled in-flight operation gets an explicit refusal, old completion cannot replace it (3.562708ms)
✔ neighbor-only lifetime epoch replacement rejects pending receipt despite identical pane IDs and geometry (2.308416ms)
✔ session pane counts preserve daemon values, unknown stays absent and labels never become identity (8.010542ms)
✔ browser creates from initial Home once, keeps navigation responsive and requires refresh after uncertain failure (1073.45575ms)
✔ initial zero request and canonical name validation (5.321458ms)
✔ one pending operation survives reset and stale completion never refreshes (1.558042ms)
✔ creation or refresh failure stays blocked until explicit reset without leaking errors (1.084625ms)
✔ completion revision witnesses fast success even if pending is coalesced (0.107791ms)
✔ one pending request coalesces final release and rebases only after coherent successor (7.427542ms)
✔ clamped pointer is not resent; a new desired pointer may continue (2.417875ms)
✔ cancel preserves pending ownership and late completion cannot revive or overwrite (1.196542ms)
✔ missing successor, scope replacement and geometry lease loss fail closed (2.026083ms)
✔ output-only refresh survives but foreign idle geometry and stale commands do not (0.532208ms)
✔ pending canonical wait is bounded and late completion remains inert (1.986ms)
✔ wire is strict and begin requires exact observed boundary and coherent ownership (0.897208ms)
✔ pending missing canvas remains inert and cancellation after release stays terminal (2.473166ms)
✔ receipt does not settle against a different complete canonical resource (1.863208ms)
✔ window identity ignores object key ordering at begin and during observation (0.660833ms)
✔ well-formed stale target or lost lease begins receive a failure ACK and fresh gestures recover (0.429125ms)
✔ publishes only matching canonical geometry and ignores output/label-only changes (22.598541ms)
✔ retires old reads on lifetime change even if cancellation is ignored (1.975459ms)
✔ wrong link or geometry never grants handles; unsupported reads do not retry on output (4.6445ms)
✔ clamped receipt permits changed layout after submission without retry (4.894042ms)
✔ stale layout during authority acquisition cannot dispatch (0.697333ms)
✔ wrong echoed target is refused even when actual boundary is plausible (0.320375ms)
✔ late scope and lifetime changes refuse result (1.622208ms)
✔ detached command survives caller mutation while waiting for authority (0.550375ms)
✔ malformed inputs and unknown split axis do not acquire or submit (1.314417ms)
✔ resource refresh after submission accepts receipt but absent pre-submit resource refuses (0.818041ms)
✔ retained window replacement after submission refuses even with no resource (0.617667ms)
✔ labels and duplicate window names never replace pane/window identities (0.84825ms)
✔ unverified joins and duplicate layouts cannot invent or duplicate choices (0.096084ms)
✔ native label byte limits preserve complete Unicode scalars (0.109375ms)
✔ initial preference uses current window active pane rather than inventory order (0.098416ms)
✔ canvas preserves tmux offsets, separator gap and selected cursor (1.014333ms)
✔ incomplete, resized, overlapping and unverified layouts never promote (0.970709ms)
✔ top status row is outside pane content and cursor (0.15275ms)
✔ top status only reduces the outer pane in vertical splits (0.0715ms)
✔ bottom status row is outside pane content and cursor (0.058875ms)
✔ bottom status only reduces the outer pane in vertical splits (0.043417ms)
✔ layout-first resize retains one atomic presentation then promotes matching geometry (0.844125ms)
✔ surfaces-first resize retains one atomic presentation then promotes matching geometry (0.158625ms)
✔ sibling-first resize retains one atomic presentation then promotes matching geometry (0.092917ms)
✔ outer status row copy geometry and wrap flags remain paired with retained pixels (0.396125ms)
✔ scope replacement, missing surfaces, and invalid geometry clear retained state (0.383792ms)
✔ authority, presence or history disable clears cache even when read-only composition succeeds (0.092708ms)
✔ another instance and an initial skew cannot borrow an earlier coherent frame (0.062ms)
✔ workspace navigation uses only read requests and rechecks exact session after inventory (69.157917ms)
✔ workspace click requires selected session in addition to request and roster revision (1.44075ms)
✔ strict preview metadata generates exact safe plist fields; development defaults remain (10.650041ms)
✔ unknown fields, types, namespace, injection and noncanonical numbers reject (0.554375ms)
✔ bounded metadata file rejects links/oversize; invalid explicit assembly metadata precedes binary execution/output (91.608ms)
✔ standalone installer relocates, retains CLI behavior and refuses overwriting output (228.5795ms)
✔ synthetic verified lifecycle installs, repeats, upgrades, re-verifies rollback and detaches without deleting (122.634708ms)
✔ strict parser and platform failures make no installation or verifier calls (3.719959ms)
✔ policy rejects extra keys, oversized, private syntax and candidate-owned input before mutation (10.189625ms)
✔ verification denial preserves current, lock refuses, symlink root refuses and tmp alias is canonicalized (26.862667ms)
✔ executable help and invalid arguments emit bounded JSON without side effects (98.19675ms)
✔ FIFO policy is rejected without waiting for a writer (54.941417ms)
✔ script symlink invocation executes help rather than silently returning success (52.426084ms)
✔ relative destination cannot detach an existing installation (23.858709ms)
✔ release mode authenticates offer before installer seam and removes only empty owned staging (49.59725ms)
✔ release policy is exact, bounded and mandatory; unknown metadata cannot reach installer (9.988292ms)
✔ release failure preserves activation disposition and never erases unexpected staging leftovers (21.604375ms)
✔ release cancellation before/during offer creates no staging; transaction cancellation preserves disposition (14.85025ms)
✔ explicit recovery refuses a legacy empty lock without verification or mutation (41.284ms)
✔ SIGKILL before activation preserves a complete selected version (132.648334ms)
✔ SIGKILL after activation preserves a complete selected version (81.84175ms)
✔ real SIGKILL before-activate: keep-current (134.761208ms)
✔ real SIGKILL candidate-renamed: keep-current (115.900167ms)
✔ real SIGKILL current-switched: keep-current (110.397375ms)
✔ real SIGKILL current-switched: restore-previous (143.352084ms)
✔ live PID, journal tamper and verifier denial leave lock and current untouched (88.487125ms)
✔ legacy empty lock refuses explicit recovery (14.798625ms)
✔ initial preactivation keeps no selection, verifies and quarantines candidate before retry (79.506125ms)
✔ CLI recovery after real SIGKILL requires policy and verifier (66.834542ms)
✔ recovery marker blocks normal mutation even after transaction lock is absent (10.1515ms)
✔ missing alias after switched current refuses without claiming a launch path (45.585ms)
✔ verifier replacement of a managed candidate directory refuses before pointer mutation (43.347792ms)
✔ legacy prior without named alias recovers a usable launch path: keep-current (50.846125ms)
✔ legacy prior without named alias recovers a usable launch path: restore-previous (50.023792ms)
✔ initial activation and exact repeat verify private copies; upgrade retains rollback (92.021334ms)
✔ interruption before activation leaves previous pointer and no owned partial version (21.806917ms)
✔ verification is mandatory, denies false, and rejects verifier payload mutation (15.12825ms)
✔ uninstall detaches only and preserves retained apps plus unrelated configuration (18.404416ms)
✔ traversal, staging links, unrelated prefixes and foreign current entries fail closed (25.717667ms)
✔ stale locks and symlinked managed parents cannot mutate unrelated directories (25.536417ms)
✔ changed retained app denies rollback and uncertain ownership denies uninstall (70.827167ms)
✔ concurrent mutation is rejected before verifier while first transaction owns lock (28.481875ms)
✔ same version with changed content and symlinked root are rejected (40.236ms)
✔ boundary parent replacement is detected before activation, preserving original and cleanup failures (17.302834ms)
✔ stable named launch alias survives upgrade/rollback and detach retains versions (45.981542ms)
✔ foreign launch entries deny all pointer mutations and failed first install leaves no alias (46.446917ms)
✔ legacy app layout upgrades and rolls back without migration; suffix mismatch and ambiguity reject (98.46225ms)
✔ repeat restoring a missing launch alias respects the preactivation guard (27.258167ms)
✔ uses bounded system verifiers and required Apple identity, never candidate execution (13.11325ms)
✔ requires explicit policy and rejects hostile requirement metadata before tools (5.064167ms)
✔ unsigned or rejected assessment, disabled Gatekeeper, malformed and incompatible metadata fail closed (12.628ms)
✔ rejects redirected executable and app roots before any system command (5.090334ms)
✔ Mach-O deployment metadata must be macOS, unique and compatible with declared floor (10.125208ms)
✔ verifier composes with transaction's named staged bundle and checks nested signatures (36.576833ms)
✔ optional authenticated release version is checked after signature validation (7.266041ms)
✔ local receipt accepts copied native and excludes target and unrelated private root files (58.856292ms)
✔ binary tampering and edited/new/deleted Rust or asset inputs invalidate receipt (112.98725ms)
✔ before/after mutation refuses receipt; source symlinks are not followed (37.395542ms)
✔ malformed, stale-digest and redirected receipts fail closed (56.531375ms)
✔ Cargo executable selection rejects stale guesses, wrong package and ambiguous outputs (0.494083ms)
✔ Cargo failure preserves bounded rendered errors rather than unrelated artifact JSON (0.238166ms)
✔ authentication precedes all fetch and directory mutation (10.519541ms)
✔ actual HTTP stream via exact test-origin rewrite verifies bytes and private staging (28.461333ms)
✔ truncated, excess, corrupt, encoded and HTTP failure bodies never survive (27.075041ms)
✔ manual redirects cancel bodies, obey origin/HTTPS policy and stop after three (22.814625ms)
✔ caller abort bounds stalled headers/body and removes partial files (29.124875ms)
✔ unsafe destination and URL policy fail closed without network (6.785625ms)
✔ fixed 120-second deadline also rejects a transport ignoring its signal (4.335333ms)
✔ system USTAR nested app extracts exact bytes and normalized permissions (35.698375ms)
✔ signature/digest failure happens before any extraction, preserving archive and unrelated data (20.519459ms)
✔ unsafe names, duplicates, special modes, types and ancestor collisions are rejected (134.591375ms)
✔ corrupt headers, unsupported formats/numbers, truncation and nonzero trailing data fail (79.869334ms)
✔ cancellation before and during extraction removes only owned staging (50.512334ms)
✔ real download/extraction/transaction install, repeat and upgrade verify the private copy/version (140.297542ms)
✔ authentication, platform, policy and path overlap refuse before fetching or creating installs (15.623084ms)
✔ malformed archive, version mismatch, verifier denial and cancellation preserve prior current (123.956583ms)
✔ caller mutation during fetch cannot change pinned version, Apple policy or paths (26.981458ms)
✔ cleanup failure after activation reports active release without implying rollback (27.910125ms)
✔ original verifier failure and independent cleanup failures are both retained (22.181334ms)
✔ exact signed roundtrip returns an independent frozen asset (1.548583ms)
✔ tampered body/whitespace, wrong key and unsigned malformed JSON fail authentication first (0.941333ms)
✔ authenticated payloads still require exact schema, target, name, digest and expected version (2.009917ms)
✔ archive and manifest byte bounds are inclusive and types strict (1.239042ms)
✔ versions use installer-safe identity, not calendar parsing or ordering (0.57775ms)
✔ real loopback metadata stream authenticates exact bytes and pinned version directory (18.850459ms)
✔ invalid, oversized, mismatched or unauthenticated offers never return (5.163958ms)
✔ trusted redirects permit signed queries; unsafe redirects/caps refuse and bodies cancel (1.890583ms)
✔ caller cancellation bounds stalled headers/body; common deadline covers both metadata requests (21.551333ms)
✔ actual producer is deterministic and authenticated extractor restores bytes and executable mode (108.866125ms)
✔ links, aliases, unsafe names and special permissions reject without output or source mutation (204.886125ms)
✔ existing output and source-contained destinations are never overwritten; version/name is exact (107.324334ms)
✔ inventory rejects case aliases independent of filesystem and lower test limits fail safely (69.517916ms)
✔ private signing sequence preserves historical inputs and binds transformation (80.887834ms)
✔ sign-native failure exposes only safe stage, no usable artifacts (10.284291ms)
✔ notarize failure exposes only safe stage, no usable artifacts (9.929291ms)
✔ verify failure exposes only safe stage, no usable artifacts (7.7645ms)
✔ package failure exposes only safe stage, no usable artifacts (10.971042ms)
✔ notary non-Accepted and debug entitlement fail closed before later tools (21.613875ms)
✔ existing output and unknown CLI switches refuse without tool calls (4.237333ms)
✔ unsupported host refuses before creating output or executing tools (1.869459ms)
✔ caller mutation cannot change validated identity or profile across awaits (51.275041ms)
✔ numeric policy scalars reject before copy or signing (4.642542ms)
✔ roundtrip rejects altered packaged bytes before final publication (47.907333ms)
✔ extracted app must independently pass Apple verification (46.758375ms)
ℹ tests 268
ℹ suites 0
ℹ pass 263
ℹ fail 0
ℹ cancelled 0
ℹ skipped 5
ℹ todo 0
ℹ duration_ms 3841.02175
