{
  "binary": "/private/tmp/tmux-split-membership-ccxveo/source/tmux",
  "sha256": "6a3aae46a9bfbd8519c78489c35b779b1f20401046188b0ce17964105db0bb73",
  "cases": [
    {
      "axis": "cols",
      "before": {
        "layout": "d8a0,160x160,0,0{80x160,0,0[80x80,0,0{40x80,0,0,1,39x80,41,0,4},80x79,0,81{40x79,0,81,3,39x79,41,81,5}],79x160,81,0[79x80,81,0{39x80,81,0,2,39x80,121,0,7},79x79,81,81{39x79,81,81,6,39x79,121,81,8}]}",
        "zoom": "0",
        "panes": {
          "%1": [
            "2",
            "91499",
            "0",
            "0",
            "40",
            "80"
          ],
          "%4": [
            "5",
            "91509",
            "41",
            "0",
            "39",
            "80"
          ],
          "%3": [
            "4",
            "91507",
            "0",
            "81",
            "40",
            "79"
          ],
          "%5": [
            "6",
            "91511",
            "41",
            "81",
            "39",
            "79"
          ],
          "%2": [
            "3",
            "91505",
            "81",
            "0",
            "39",
            "80"
          ],
          "%7": [
            "8",
            "91515",
            "121",
            "0",
            "39",
            "80"
          ],
          "%6": [
            "7",
            "91513",
            "81",
            "81",
            "39",
            "79"
          ],
          "%8": [
            "9",
            "91517",
            "121",
            "81",
            "39",
            "79"
          ]
        }
      },
      "after": {
        "layout": "4141,160x160,0,0{83x160,0,0[83x80,0,0{42x80,0,0,1,40x80,43,0,4},83x79,0,81{42x79,0,81,3,40x79,43,81,5}],76x160,84,0[76x80,84,0{37x80,84,0,2,38x80,122,0,7},76x79,84,81{37x79,84,81,6,38x79,122,81,8}]}",
        "zoom": "0",
        "panes": {
          "%1": [
            "2",
            "91499",
            "0",
            "0",
            "42",
            "80"
          ],
          "%4": [
            "5",
            "91509",
            "43",
            "0",
            "40",
            "80"
          ],
          "%3": [
            "4",
            "91507",
            "0",
            "81",
            "42",
            "79"
          ],
          "%5": [
            "6",
            "91511",
            "43",
            "81",
            "40",
            "79"
          ],
          "%2": [
            "3",
            "91505",
            "84",
            "0",
            "37",
            "80"
          ],
          "%7": [
            "8",
            "91515",
            "122",
            "0",
            "38",
            "80"
          ],
          "%6": [
            "7",
            "91513",
            "84",
            "81",
            "37",
            "79"
          ],
          "%8": [
            "9",
            "91517",
            "122",
            "81",
            "38",
            "79"
          ]
        }
      },
      "receipt": {
        "schemaVersion": 1,
        "boundary": 83,
        "layout": "4141,160x160,0,0{83x160,0,0[83x80,0,0{42x80,0,0,1,40x80,43,0,4},83x79,0,81{42x79,0,81,3,40x79,43,81,5}],76x160,84,0[76x80,84,0{37x80,84,0,2,38x80,122,0,7},76x79,84,81{37x79,84,81,6,38x79,122,81,8}]}"
      },
      "staleError": "split layout mismatch",
      "negativeCases": 13,
      "clamped": [
        {
          "schemaVersion": 1,
          "boundary": 3,
          "layout": "da01,160x160,0,0{3x160,0,0[3x80,0,0{1x80,0,0,1,1x80,2,0,4},3x79,0,81{1x79,0,81,3,1x79,2,81,5}],156x160,4,0[156x80,4,0{78x80,4,0,2,77x80,83,0,7},156x79,4,81{78x79,4,81,6,77x79,83,81,8}]}"
        },
        {
          "schemaVersion": 1,
          "boundary": 156,
          "layout": "4b62,160x160,0,0{156x160,0,0[156x80,0,0{78x80,0,0,1,77x80,79,0,4},156x79,0,81{78x79,0,81,3,77x79,79,81,5}],3x160,157,0[3x80,157,0{1x80,157,0,2,1x80,159,0,7},3x79,157,81{1x79,157,81,6,1x79,159,81,8}]}"
        }
      ],
      "zoomRefusalUnchanged": true,
      "innerReceipt": {
        "schemaVersion": 1,
        "boundary": 77,
        "layout": "cb3a,160x160,0,0{156x160,0,0[156x80,0,0{77x80,0,0,1,78x80,78,0,4},156x79,0,81{78x79,0,81,3,77x79,79,81,5}],3x160,157,0[3x80,157,0{1x80,157,0,2,1x80,159,0,7},3x79,157,81{1x79,157,81,6,1x79,159,81,8}]}"
      },
      "structuralChangeRejected": true
    },
    {
      "axis": "cols",
      "kind": "non-origin-middle",
      "before": {
        "layout": "fb78,160x160,0,0{80x160,0,0,10,39x160,81,0[39x80,81,0{19x80,81,0,11,19x80,101,0,14},39x79,81,81,13],39x160,121,0,12}",
        "zoom": "0",
        "panes": {
          "%10": [
            "11",
            "91638",
            "0",
            "0",
            "80",
            "160"
          ],
          "%11": [
            "12",
            "91643",
            "81",
            "0",
            "19",
            "80"
          ],
          "%14": [
            "15",
            "91649",
            "101",
            "0",
            "19",
            "80"
          ],
          "%13": [
            "14",
            "91647",
            "81",
            "81",
            "39",
            "79"
          ],
          "%12": [
            "13",
            "91645",
            "121",
            "0",
            "39",
            "160"
          ]
        }
      },
      "after": {
        "layout": "31b8,160x160,0,0{80x160,0,0,10,42x160,81,0[42x80,81,0{21x80,81,0,11,20x80,103,0,14},42x79,81,81,13],36x160,124,0,12}",
        "zoom": "0",
        "panes": {
          "%10": [
            "11",
            "91638",
            "0",
            "0",
            "80",
            "160"
          ],
          "%11": [
            "12",
            "91643",
            "81",
            "0",
            "21",
            "80"
          ],
          "%14": [
            "15",
            "91649",
            "103",
            "0",
            "20",
            "80"
          ],
          "%13": [
            "14",
            "91647",
            "81",
            "81",
            "42",
            "79"
          ],
          "%12": [
            "13",
            "91645",
            "124",
            "0",
            "36",
            "160"
          ]
        }
      },
      "receipt": {
        "schemaVersion": 1,
        "boundary": 123,
        "layout": "31b8,160x160,0,0{80x160,0,0,10,42x160,81,0[42x80,81,0{21x80,81,0,11,20x80,103,0,14},42x79,81,81,13],36x160,124,0,12}"
      }
    },
    {
      "axis": "rows",
      "before": {
        "layout": "5aa7,160x160,0,0[160x80,0,0{80x80,0,0[80x40,0,0,15,80x39,0,41,18],79x80,81,0[79x40,81,0,17,79x39,81,41,19]},160x79,0,81{80x79,0,81[80x39,0,81,16,80x39,0,121,21],79x79,81,81[79x39,81,81,20,79x39,81,121,22]}]",
        "zoom": "0",
        "panes": {
          "%15": [
            "16",
            "91659",
            "0",
            "0",
            "80",
            "40"
          ],
          "%18": [
            "19",
            "91674",
            "0",
            "41",
            "80",
            "39"
          ],
          "%17": [
            "18",
            "91667",
            "81",
            "0",
            "79",
            "40"
          ],
          "%19": [
            "20",
            "91676",
            "81",
            "41",
            "79",
            "39"
          ],
          "%16": [
            "17",
            "91664",
            "0",
            "81",
            "80",
            "39"
          ],
          "%21": [
            "22",
            "91681",
            "0",
            "121",
            "80",
            "39"
          ],
          "%20": [
            "21",
            "91678",
            "81",
            "81",
            "79",
            "39"
          ],
          "%22": [
            "23",
            "91683",
            "81",
            "121",
            "79",
            "39"
          ]
        }
      },
      "after": {
        "layout": "9097,160x160,0,0[160x83,0,0{80x83,0,0[80x42,0,0,15,80x40,0,43,18],79x83,81,0[79x42,81,0,17,79x40,81,43,19]},160x76,0,84{80x76,0,84[80x37,0,84,16,80x38,0,122,21],79x76,81,84[79x37,81,84,20,79x38,81,122,22]}]",
        "zoom": "0",
        "panes": {
          "%15": [
            "16",
            "91659",
            "0",
            "0",
            "80",
            "42"
          ],
          "%18": [
            "19",
            "91674",
            "0",
            "43",
            "80",
            "40"
          ],
          "%17": [
            "18",
            "91667",
            "81",
            "0",
            "79",
            "42"
          ],
          "%19": [
            "20",
            "91676",
            "81",
            "43",
            "79",
            "40"
          ],
          "%16": [
            "17",
            "91664",
            "0",
            "84",
            "80",
            "37"
          ],
          "%21": [
            "22",
            "91681",
            "0",
            "122",
            "80",
            "38"
          ],
          "%20": [
            "21",
            "91678",
            "81",
            "84",
            "79",
            "37"
          ],
          "%22": [
            "23",
            "91683",
            "81",
            "122",
            "79",
            "38"
          ]
        }
      },
      "receipt": {
        "schemaVersion": 1,
        "boundary": 83,
        "layout": "9097,160x160,0,0[160x83,0,0{80x83,0,0[80x42,0,0,15,80x40,0,43,18],79x83,81,0[79x42,81,0,17,79x40,81,43,19]},160x76,0,84{80x76,0,84[80x37,0,84,16,80x38,0,122,21],79x76,81,84[79x37,81,84,20,79x38,81,122,22]}]"
      },
      "staleError": "split layout mismatch",
      "negativeCases": 13,
      "clamped": [
        {
          "schemaVersion": 1,
          "boundary": 3,
          "layout": "c8d0,160x160,0,0[160x3,0,0{80x3,0,0[80x1,0,0,15,80x1,0,2,18],79x3,81,0[79x1,81,0,17,79x1,81,2,19]},160x156,0,4{80x156,0,4[80x78,0,4,16,80x77,0,83,21],79x156,81,4[79x78,81,4,20,79x77,81,83,22]}]"
        },
        {
          "schemaVersion": 1,
          "boundary": 156,
          "layout": "0c2f,160x160,0,0[160x156,0,0{80x156,0,0[80x78,0,0,15,80x77,0,79,18],79x156,81,0[79x78,81,0,17,79x77,81,79,19]},160x3,0,157{80x3,0,157[80x1,0,157,16,80x1,0,159,21],79x3,81,157[79x1,81,157,20,79x1,81,159,22]}]"
        }
      ],
      "zoomRefusalUnchanged": true,
      "innerReceipt": {
        "schemaVersion": 1,
        "boundary": 77,
        "layout": "d42d,160x160,0,0[160x156,0,0{80x156,0,0[80x77,0,0,15,80x78,0,78,18],79x156,81,0[79x78,81,0,17,79x77,81,79,19]},160x3,0,157{80x3,0,157[80x1,0,157,16,80x1,0,159,21],79x3,81,157[79x1,81,157,20,79x1,81,159,22]}]"
      },
      "structuralChangeRejected": true
    },
    {
      "axis": "rows",
      "kind": "non-origin-middle",
      "before": {
        "layout": "96cf,160x160,0,0[160x80,0,0,24,160x39,0,81{80x39,0,81[80x19,0,81,25,80x19,0,101,28],79x39,81,81,27},160x39,0,121,26]",
        "zoom": "0",
        "panes": {
          "%24": [
            "25",
            "91819",
            "0",
            "0",
            "160",
            "80"
          ],
          "%25": [
            "26",
            "91824",
            "0",
            "81",
            "80",
            "19"
          ],
          "%28": [
            "29",
            "91830",
            "0",
            "101",
            "80",
            "19"
          ],
          "%27": [
            "28",
            "91828",
            "81",
            "81",
            "79",
            "39"
          ],
          "%26": [
            "27",
            "91826",
            "0",
            "121",
            "160",
            "39"
          ]
        }
      },
      "after": {
        "layout": "6862,160x160,0,0[160x80,0,0,24,160x42,0,81{80x42,0,81[80x21,0,81,25,80x20,0,103,28],79x42,81,81,27},160x36,0,124,26]",
        "zoom": "0",
        "panes": {
          "%24": [
            "25",
            "91819",
            "0",
            "0",
            "160",
            "80"
          ],
          "%25": [
            "26",
            "91824",
            "0",
            "81",
            "80",
            "21"
          ],
          "%28": [
            "29",
            "91830",
            "0",
            "103",
            "80",
            "20"
          ],
          "%27": [
            "28",
            "91828",
            "81",
            "81",
            "79",
            "42"
          ],
          "%26": [
            "27",
            "91826",
            "0",
            "124",
            "160",
            "36"
          ]
        }
      },
      "receipt": {
        "schemaVersion": 1,
        "boundary": 123,
        "layout": "6862,160x160,0,0[160x80,0,0,24,160x42,0,81{80x42,0,81[80x21,0,81,25,80x20,0,103,28],79x42,81,81,27},160x36,0,124,26]"
      }
    }
  ],
  "cleanup": true,
  "sessionId": "$0",
  "capability": {
    "schemaVersion": 1,
    "capability": "split-resize-v1",
    "sessionMembership": "exact-session-link-v1",
    "maxDepth": 64,
    "maxLeaves": 512,
    "maxGrid": 4096
  },
  "sessionMembership": {
    "linkedMutation": true,
    "unlinkedRefusalUnchanged": true,
    "sessionAndPaneIdentitiesSurvived": true,
    "relinkedRecovery": true
  },
  "serializerBudgetRefusal": {
    "panes": 400,
    "layoutBytes": 5948,
    "unchanged": true
  }
}
