✔ real shared config preserves unrelated fields and restores selection in a fresh helper process (3129.528333ms)
✔ native appearance exposes every canonical preset once and preserves indexed color semantics (15.236792ms)
✔ system follows native appearance without persisting a host event; explicit themes stay pinned (0.570792ms)
✔ theme save uses shared patch, restart restores selection, and failed writes retain applied appearance (0.518167ms)
✔ bridge payload hashes match and rebuilding never overwrites an existing directory (435.179167ms)
✔ dependency notices retain exact text and deduplicate input files (13.066834ms)
✔ malformed private config stays recoverable without leaking its contents (1885.416792ms)
✔ startup failure is reported at child exit without exposing diagnostic contents (40.348291ms)
✔ actual client identifies each HTTP failure stage without leaking response or credentials (280.058291ms)
✔ schema, stale selection and scope failures are distinct and sanitized (42.664875ms)
✔ successful catalog returns the same exact scoped pane configuration (11.971625ms)
✔ untrusted messages/names and invalid HTTP status cannot enter public diagnostics (0.615167ms)
✔ source unsupported daemon stays credential-free and refresh rechecks compatibility (1878.123875ms)
﹣ packaged unsupported daemon stays credential-free and refresh rechecks compatibility (0.2425ms) # Set TMUX_GPUI_TEST_APP to qualify the exact packaged helper
✔ discovery probes identity without credentials, then selects verified scope (136.210709ms)
✔ wrong identity never receives credentials (3.407ms)
✔ non-loopback records are rejected before network access (3.703792ms)
✔ ambiguous server selection and replaced records fail closed (8.060708ms)
✔ matching old and future protocols reject before authenticated discovery (8.243166ms)
✔ fixed discovery categories distinguish absent owner, unavailable peer and server choice without secrets (7.082959ms)
✔ all public discovery guidance fits the native status limit (0.455083ms)
✔ fixture shutdown reaps a helper ignoring SIGTERM (83.933291ms)
✔ resize targets verified window only while holding geometry authority (1.156584ms)
✔ missing topology or authority denial never resizes (0.112375ms)
✔ topology changes and lost leases cannot redirect a resize (0.34275ms)
✔ pane removal invalidates the former resize target until its new layout arrives (0.062375ms)
✔ unidentified containing layout clears a previously verified target (0.040958ms)
✔ history viewport stays anchored across append and returns to live cursor (1.282792ms)
✔ trim preserves a surviving anchor; lost/reset/alternate-screen anchors return live (0.326292ms)
✔ retained history is bounded and never exceeds a thousand rows (10.487ms)
✔ repeated row references cannot falsely prove an anchor occurrence (0.21525ms)
✔ serialized history budget and width changes cannot retain stale views (5.922792ms)
✔ semantic IDs remain exact; paneId alone never grants available navigation (1.839333ms)
✔ display controls removed and Unicode truncation preserves codepoints; private fields never published (0.22425ms)
✔ bounded ordered rows never sanitize oversized identities into another target (0.643667ms)
✔ click wire binds both old request and exact observed revision (2.655875ms)
✔ only registered sessions are observed; failures are partial and never invented empty success (63.696166ms)
✔ 32 session bound and four actual reads persist across abort-ignoring refreshes (1.581042ms)
✔ wrong generation is unavailable; dispose aborts and forbids late publication (1.343459ms)
✔ refresh clears actual projected rows immediately and detached agents cannot be activated (18.897708ms)
✔ attached rows use canonical sorting and current incarnation, never a same-name replacement (35.942833ms)
✔ input requires authority before sending and does not request it implicitly (0.56025ms)
✔ pins exact pane and never retries an ambiguous acknowledgement (0.628166ms)
✔ paste wraps once, preserves Unicode across chunks, and stays on its pane (2.10825ms)
✔ paste stops on authority loss and rejects invalid clipboard content before sending (8.335917ms)
﹣ local app retains binary identity and refuses replacement (0.405625ms) # SKIP
﹣ local launcher never resolves dirname through caller PATH (0.056041ms) # SKIP
﹣ assembler rejects a mismatched executable before running supplied tools (0.04375ms) # SKIP
✔ holds real frame and newest metadata; release is monotonic and then semantically transparent (0.777416ms)
✔ missing/unready latest frame cannot revive old held ready state (0.114917ms)
✔ bounds and source order/connection are fail closed (1.870709ms)
✔ helper eof reaps its owned real child (94.234875ms)
✔ helper signal reaps its owned real child (104.098125ms)
✔ specimen keeps Unicode, colored blanks, wrap and cursor explicit at multiple sizes (1.669625ms)
✔ unsupported geometry fails instead of silently clipping the specimen (0.4165ms)
﹣ actual PTY resize redraws the specimen with current stdout geometry (0.261209ms) # SKIP
✔ schema rejects controls/blank/oversize names and blind toggle (12.688084ms)
✔ action fence supports zoomed/single panes and retires on title/topology/lifetime changes (0.167417ms)
✔ rename submits exact semantic action once and validates receipt (1.60575ms)
✔ zoom submits exact semantic action once and validates receipt (4.929667ms)
✔ stale token, foreign pane and lost input never dispatch (0.732834ms)
✔ geometry grant cannot cross pane lifetime or token changes (0.947958ms)
✔ mismatched and replayed receipts fail without retry; rejected mutation stays consumed (10.335666ms)
✔ zoom result must match explicit desired pane/state and retirement cannot report success (0.254917ms)
✔ fence survives content/name/focus changes, retires on topology and pane lifetime changes (0.625792ms)
✔ cached old resize canvas cannot grant token for current geometry (0.397625ms)
✔ zoom and single-pane layouts revoke gestures; restored splits get a fresh token (1.757833ms)
✔ exact semantic target and clamped receipt; outer status row converted once (5.834834ms)
✔ stale and missing targets cannot even acquire geometry authority (0.192625ms)
✔ authority wait revalidates token, lifetime and exact window (6.838792ms)
✔ post-dispatch replacement and foreign receipts never claim success (4.942083ms)
✔ malformed and oversized resize rejected (9.6885ms)
✔ clamped readback preserves exact validated operation identity and actual cells (2.123709ms)
✔ schema-valid foreign operation/generation/axis receipts and replaced lifetime are rejected (8.527125ms)
✔ controller-supplied operation UUID is preserved and malformed ID fails before authority (0.702208ms)
✔ split refresh cannot attach after background while fresh inventory is pending (1.067333ms)
✔ split refresh cannot attach after navigation while fresh inventory is pending (0.136833ms)
✔ split refresh cannot attach after session while fresh inventory is pending (0.098791ms)
✔ split refresh cannot attach after catalog while fresh inventory is pending (0.086917ms)
✔ split refresh cannot attach after stop while fresh inventory is pending (0.095708ms)
✔ split refresh requires both exact receipt-created pane and retained source, without fallback (0.433292ms)
✔ split metadata cannot commit after background during session read (0.221792ms)
✔ split metadata cannot commit after navigation during session read (0.102875ms)
✔ split metadata cannot commit after session during session read (0.120791ms)
✔ split metadata cannot commit after catalog during session read (0.162083ms)
✔ split metadata cannot commit after stop during session read (0.116792ms)
✔ split refresh retains authoritative whole-session count and unknown counts without inference (0.574958ms)
✔ missing or ambiguous selected session metadata cannot commit a split refresh (0.2455ms)
✔ split right returns exact new-pane receipt once (3.668667ms)
✔ split down returns exact new-pane receipt once (0.228209ms)
✔ split rejects malformed directions and uncertain/mismatched receipts without retry (7.494333ms)
✔ split consumes pending token and rechecks lifetime/input/geometry after acquisition (0.45325ms)
✔ split refusal and retirement cannot be retried or report success (14.087791ms)
✔ a delayed split receipt cannot reattach after lifetime replacement or authority loss (0.500541ms)
✔ background releases owned input and geometry; foreground only requests input (1.259541ms)
✔ background releases connection claims even without current grants (0.171583ms)
✔ closing viewer reaps an idle helper without waiting for another frame (52.667916ms)
✔ cancellation reaps both children, including a helper ignoring SIGTERM (158.276416ms)
✔ helper EOF reaches viewer and helper failure remains a failure (54.557833ms)
✔ missing executable reaps the other owned child (2.723583ms)
✔ already cancelled launch starts no processes (0.354667ms)
✔ duplex bridge carries native commands and helper publications (52.03525ms)
✔ publishes and ACKs only a complete authenticated snapshot (21.422625ms)
✔ rejects a replaced daemon generation and cannot revive after retirement (3.717375ms)
✔ hash corruption clears the view without ACK (1.900041ms)
✔ disconnect ignores late callbacks and does not replay state (2.59825ms)
✔ verified newer incarnation changes lifetime only at complete commit (0.980375ms)
✔ failed replacement clears the committed lifetime without advertising its incarnation (6.632708ms)
✔ one pending and latest; receipt alone never settles, final release exact target waits for layout (76.233583ms)
✔ cancel discards queued targets, no retry, late receipt cannot resurrect gesture (2.490958ms)
✔ lifetime, competing authority and orthogonal topology retire pending motion (5.242958ms)
✔ unrelated idle geometry fails and gesture identity rejects stale moves (0.653583ms)
✔ receipt and new layout wait for coherent surfaces instead of cancelling on resize skew (1.217917ms)
✔ unrelated same-axis redistribution cannot receive a matching-token attestation (4.2045ms)
✔ new gesture during cancelled in-flight operation gets an explicit refusal, old completion cannot replace it (1.708666ms)
✔ neighbor-only lifetime epoch replacement rejects pending receipt despite identical pane IDs and geometry (1.586292ms)
✔ session pane counts preserve daemon values, unknown stays absent and labels never become identity (1.783792ms)
✔ browser creates from initial Home once, keeps navigation responsive and requires refresh after uncertain failure (1906.653208ms)
✔ initial zero request and canonical name validation (1.226917ms)
✔ one pending operation survives reset and stale completion never refreshes (0.333542ms)
✔ creation or refresh failure stays blocked until explicit reset without leaking errors (0.436959ms)
✔ completion revision witnesses fast success even if pending is coalesced (0.081042ms)
✔ one pending request coalesces final release and rebases only after coherent successor (51.289333ms)
✔ clamped pointer is not resent; a new desired pointer may continue (5.092417ms)
✔ cancel preserves pending ownership and late completion cannot revive or overwrite (1.280542ms)
✔ missing successor, scope replacement and geometry lease loss fail closed (4.373458ms)
✔ output-only refresh survives but foreign idle geometry and stale commands do not (0.937125ms)
✔ pending canonical wait is bounded and late completion remains inert (4.810375ms)
✔ wire is strict and begin requires exact observed boundary and coherent ownership (1.134917ms)
✔ pending missing canvas remains inert and cancellation after release stays terminal (2.750209ms)
✔ receipt does not settle against a different complete canonical resource (2.251917ms)
✔ window identity ignores object key ordering at begin and during observation (0.3655ms)
✔ well-formed stale target or lost lease begins receive a failure ACK and fresh gestures recover (0.18025ms)
✔ publishes only matching canonical geometry and ignores output/label-only changes (76.658375ms)
✔ retires old reads on lifetime change even if cancellation is ignored (27.650292ms)
✔ wrong link or geometry never grants handles; unsupported reads do not retry on output (11.576625ms)
✔ clamped receipt permits changed layout after submission without retry (40.041542ms)
✔ stale layout during authority acquisition cannot dispatch (0.629125ms)
✔ wrong echoed target is refused even when actual boundary is plausible (0.575375ms)
✔ late scope and lifetime changes refuse result (1.162125ms)
✔ detached command survives caller mutation while waiting for authority (0.454ms)
✔ malformed inputs and unknown split axis do not acquire or submit (1.522833ms)
✔ resource refresh after submission accepts receipt but absent pre-submit resource refuses (22.822084ms)
✔ retained window replacement after submission refuses even with no resource (0.537875ms)
✔ labels and duplicate window names never replace pane/window identities (0.695167ms)
✔ unverified joins and duplicate layouts cannot invent or duplicate choices (0.666375ms)
✔ native label byte limits preserve complete Unicode scalars (0.147833ms)
✔ initial preference uses current window active pane rather than inventory order (7.707208ms)
✔ canvas preserves tmux offsets, separator gap and selected cursor (1.057375ms)
✔ incomplete, resized, overlapping and unverified layouts never promote (0.425ms)
✔ top status row is outside pane content and cursor (0.290125ms)
✔ top status only reduces the outer pane in vertical splits (0.131417ms)
✔ bottom status row is outside pane content and cursor (0.1165ms)
✔ bottom status only reduces the outer pane in vertical splits (0.083875ms)
✔ layout-first resize retains one atomic presentation then promotes matching geometry (1.653917ms)
✔ surfaces-first resize retains one atomic presentation then promotes matching geometry (0.343042ms)
✔ sibling-first resize retains one atomic presentation then promotes matching geometry (0.211708ms)
✔ outer status row copy geometry and wrap flags remain paired with retained pixels (0.920833ms)
✔ scope replacement, missing surfaces, and invalid geometry clear retained state (1.043792ms)
✔ authority, presence or history disable clears cache even when read-only composition succeeds (23.857541ms)
✔ another instance and an initial skew cannot borrow an earlier coherent frame (0.094833ms)
✔ workspace navigation uses only read requests and rechecks exact session after inventory (147.882541ms)
✔ workspace click requires selected session in addition to request and roster revision (2.719042ms)
✔ strict preview metadata generates exact safe plist fields; development defaults remain (9.467459ms)
✔ unknown fields, types, namespace, injection and noncanonical numbers reject (0.370083ms)
✔ bounded metadata file rejects links/oversize; invalid explicit assembly metadata precedes binary execution/output (63.295125ms)
✔ standalone installer relocates, retains CLI behavior and refuses overwriting output (239.208166ms)
✔ synthetic verified lifecycle installs, repeats, upgrades, re-verifies rollback and detaches without deleting (236.166ms)
✔ strict parser and platform failures make no installation or verifier calls (2.395417ms)
✔ policy rejects extra keys, oversized, private syntax and candidate-owned input before mutation (6.53725ms)
✔ verification denial preserves current, lock refuses, symlink root refuses and tmp alias is canonicalized (23.195083ms)
✔ executable help and invalid arguments emit bounded JSON without side effects (127.525667ms)
✔ FIFO policy is rejected without waiting for a writer (69.086875ms)
✔ script symlink invocation executes help rather than silently returning success (65.999792ms)
✔ relative destination cannot detach an existing installation (19.027334ms)
✔ release mode authenticates offer before installer seam and removes only empty owned staging (61.481083ms)
✔ release policy is exact, bounded and mandatory; unknown metadata cannot reach installer (18.440917ms)
✔ release failure preserves activation disposition and never erases unexpected staging leftovers (19.719166ms)
✔ release cancellation before/during offer creates no staging; transaction cancellation preserves disposition (18.968333ms)
✔ explicit recovery refuses a legacy empty lock without verification or mutation (24.278166ms)
✔ SIGKILL before activation preserves a complete selected version (114.719709ms)
✔ SIGKILL after activation preserves a complete selected version (116.353084ms)
✔ real SIGKILL before-activate: keep-current (142.762125ms)
✔ real SIGKILL candidate-renamed: keep-current (106.372375ms)
✔ real SIGKILL current-switched: keep-current (95.999959ms)
✔ real SIGKILL current-switched: restore-previous (122.711333ms)
✔ live PID, journal tamper and verifier denial leave lock and current untouched (141.25525ms)
✔ legacy empty lock refuses explicit recovery (20.866625ms)
✔ initial preactivation keeps no selection, verifies and quarantines candidate before retry (110.266708ms)
✔ CLI recovery after real SIGKILL requires policy and verifier (115.914041ms)
✔ recovery marker blocks normal mutation even after transaction lock is absent (16.329125ms)
✔ missing alias after switched current refuses without claiming a launch path (126.215ms)
✔ verifier replacement of a managed candidate directory refuses before pointer mutation (113.016667ms)
✔ legacy prior without named alias recovers a usable launch path: keep-current (91.975667ms)
✔ legacy prior without named alias recovers a usable launch path: restore-previous (101.3345ms)
✔ initial activation and exact repeat verify private copies; upgrade retains rollback (182.807541ms)
✔ interruption before activation leaves previous pointer and no owned partial version (38.651291ms)
✔ verification is mandatory, denies false, and rejects verifier payload mutation (22.28825ms)
✔ uninstall detaches only and preserves retained apps plus unrelated configuration (31.4735ms)
✔ traversal, staging links, unrelated prefixes and foreign current entries fail closed (74.645583ms)
✔ stale locks and symlinked managed parents cannot mutate unrelated directories (38.507584ms)
✔ changed retained app denies rollback and uncertain ownership denies uninstall (149.980083ms)
✔ concurrent mutation is rejected before verifier while first transaction owns lock (92.558875ms)
✔ same version with changed content and symlinked root are rejected (59.541666ms)
✔ boundary parent replacement is detected before activation, preserving original and cleanup failures (31.671708ms)
✔ stable named launch alias survives upgrade/rollback and detach retains versions (98.016375ms)
✔ foreign launch entries deny all pointer mutations and failed first install leaves no alias (76.060625ms)
✔ legacy app layout upgrades and rolls back without migration; suffix mismatch and ambiguity reject (193.4835ms)
✔ repeat restoring a missing launch alias respects the preactivation guard (27.306209ms)
✔ uses bounded system verifiers and required Apple identity, never candidate execution (13.313209ms)
✔ requires explicit policy and rejects hostile requirement metadata before tools (5.206209ms)
✔ unsigned or rejected assessment, disabled Gatekeeper, malformed and incompatible metadata fail closed (14.426416ms)
✔ rejects redirected executable and app roots before any system command (21.881458ms)
✔ Mach-O deployment metadata must be macOS, unique and compatible with declared floor (22.443ms)
✔ verifier composes with transaction's named staged bundle and checks nested signatures (62.899333ms)
✔ optional authenticated release version is checked after signature validation (19.484792ms)
✔ local receipt accepts copied native and excludes target and unrelated private root files (66.832833ms)
✔ binary tampering and edited/new/deleted Rust or asset inputs invalidate receipt (182.900417ms)
✔ before/after mutation refuses receipt; source symlinks are not followed (35.258625ms)
✔ malformed, stale-digest and redirected receipts fail closed (85.662ms)
✔ Cargo executable selection rejects stale guesses, wrong package and ambiguous outputs (0.26175ms)
✔ Cargo failure preserves bounded rendered errors rather than unrelated artifact JSON (0.09175ms)
✔ authentication precedes all fetch and directory mutation (8.315333ms)
✔ actual HTTP stream via exact test-origin rewrite verifies bytes and private staging (27.041042ms)
✔ truncated, excess, corrupt, encoded and HTTP failure bodies never survive (148.4985ms)
✔ manual redirects cancel bodies, obey origin/HTTPS policy and stop after three (31.98925ms)
✔ caller abort bounds stalled headers/body and removes partial files (88.36575ms)
✔ unsafe destination and URL policy fail closed without network (8.995333ms)
✔ fixed 120-second deadline also rejects a transport ignoring its signal (5.130166ms)
✔ system USTAR nested app extracts exact bytes and normalized permissions (105.088459ms)
✔ signature/digest failure happens before any extraction, preserving archive and unrelated data (57.17025ms)
✔ unsafe names, duplicates, special modes, types and ancestor collisions are rejected (261.570458ms)
✔ corrupt headers, unsupported formats/numbers, truncation and nonzero trailing data fail (112.277083ms)
✔ cancellation before and during extraction removes only owned staging (117.498917ms)
✔ real download/extraction/transaction install, repeat and upgrade verify the private copy/version (270.366375ms)
✔ authentication, platform, policy and path overlap refuse before fetching or creating installs (42.711875ms)
✔ malformed archive, version mismatch, verifier denial and cancellation preserve prior current (173.81625ms)
✔ caller mutation during fetch cannot change pinned version, Apple policy or paths (35.3845ms)
✔ cleanup failure after activation reports active release without implying rollback (50.478583ms)
✔ original verifier failure and independent cleanup failures are both retained (43.295125ms)
✔ exact signed roundtrip returns an independent frozen asset (1.401458ms)
✔ tampered body/whitespace, wrong key and unsigned malformed JSON fail authentication first (0.947417ms)
✔ authenticated payloads still require exact schema, target, name, digest and expected version (1.643916ms)
✔ archive and manifest byte bounds are inclusive and types strict (1.678333ms)
✔ versions use installer-safe identity, not calendar parsing or ordering (2.932125ms)
✔ real loopback metadata stream authenticates exact bytes and pinned version directory (30.257834ms)
✔ invalid, oversized, mismatched or unauthenticated offers never return (2.756208ms)
✔ trusted redirects permit signed queries; unsafe redirects/caps refuse and bodies cancel (1.019042ms)
✔ caller cancellation bounds stalled headers/body; common deadline covers both metadata requests (115.928792ms)
✔ actual producer is deterministic and authenticated extractor restores bytes and executable mode (139.906791ms)
✔ links, aliases, unsafe names and special permissions reject without output or source mutation (305.247791ms)
✔ existing output and source-contained destinations are never overwritten; version/name is exact (217.948458ms)
✔ inventory rejects case aliases independent of filesystem and lower test limits fail safely (99.435458ms)
✔ private signing sequence preserves historical inputs and binds transformation (126.797584ms)
✔ sign-native failure exposes only safe stage, no usable artifacts (24.359375ms)
✔ notarize failure exposes only safe stage, no usable artifacts (24.219958ms)
✔ verify failure exposes only safe stage, no usable artifacts (23.179416ms)
✔ package failure exposes only safe stage, no usable artifacts (29.775917ms)
✔ notary non-Accepted and debug entitlement fail closed before later tools (44.464209ms)
✔ existing output and unknown CLI switches refuse without tool calls (8.418959ms)
✔ unsupported host refuses before creating output or executing tools (5.469458ms)
✔ caller mutation cannot change validated identity or profile across awaits (98.355458ms)
✔ numeric policy scalars reject before copy or signing (7.150708ms)
✔ roundtrip rejects altered packaged bytes before final publication (91.292666ms)
✔ extracted app must independently pass Apple verification (86.83625ms)
ℹ tests 265
ℹ suites 0
ℹ pass 260
ℹ fail 0
ℹ cancelled 0
ℹ skipped 5
ℹ todo 0
ℹ duration_ms 5174.425917
