✔ real shared config preserves unrelated fields and restores selection in a fresh helper process (1467.291416ms)
✔ native appearance exposes every canonical preset once and preserves indexed color semantics (10.704583ms)
✔ system follows native appearance without persisting a host event; explicit themes stay pinned (1.413625ms)
✔ theme save uses shared patch, restart restores selection, and failed writes retain applied appearance (1.56825ms)
✔ bridge payload hashes match and rebuilding never overwrites an existing directory (403.919042ms)
✔ dependency notices retain exact text and deduplicate input files (17.347042ms)
✔ malformed private config stays recoverable without leaking its contents (1150.270542ms)
✔ startup failure is reported at child exit without exposing diagnostic contents (48.106708ms)
✔ trace forwards exact fragmented bytes and records only navigation metadata (36.517875ms)
✔ aborted fixture reaps its exact child without forwarding private input data (3.045708ms)
✔ bounded retirement handles an EOF-ignoring child and an unconsumed output (3029.624292ms)
✔ actual client identifies each HTTP failure stage without leaking response or credentials (111.202416ms)
✔ schema, stale selection and scope failures are distinct and sanitized (36.602292ms)
✔ successful catalog returns the same exact scoped pane configuration (9.477167ms)
✔ untrusted messages/names and invalid HTTP status cannot enter public diagnostics (0.310959ms)
✔ source unsupported daemon stays credential-free and refresh rechecks compatibility (1015.082417ms)
﹣ packaged unsupported daemon stays credential-free and refresh rechecks compatibility (0.15875ms) # Set TMUX_GPUI_TEST_APP to qualify the exact packaged helper
✔ discovery probes identity without credentials, then selects verified scope (36.403041ms)
✔ wrong identity never receives credentials (56.21225ms)
✔ non-loopback records are rejected before network access (4.734166ms)
✔ ambiguous server selection and replaced records fail closed (10.240291ms)
✔ matching old and future protocols reject before authenticated discovery (5.089792ms)
✔ fixed discovery categories distinguish absent owner, unavailable peer and server choice without secrets (2.82225ms)
✔ all public discovery guidance fits the native status limit (0.19825ms)
✔ fixture shutdown reaps a helper ignoring SIGTERM (100.938791ms)
✔ resize targets verified window only while holding geometry authority (2.492209ms)
✔ missing topology or authority denial never resizes (0.312208ms)
✔ topology changes and lost leases cannot redirect a resize (0.945166ms)
✔ pane removal invalidates the former resize target until its new layout arrives (0.170167ms)
✔ unidentified containing layout clears a previously verified target (0.097583ms)
✔ history viewport stays anchored across append and returns to live cursor (1.144458ms)
✔ trim preserves a surviving anchor; lost/reset/alternate-screen anchors return live (0.157958ms)
✔ retained history is bounded and never exceeds a thousand rows (5.482583ms)
✔ repeated row references cannot falsely prove an anchor occurrence (0.110958ms)
✔ serialized history budget and width changes cannot retain stale views (3.726084ms)
✔ semantic IDs remain exact; paneId alone never grants available navigation (0.524167ms)
✔ display controls removed and Unicode truncation preserves codepoints; private fields never published (0.124583ms)
✔ bounded ordered rows never sanitize oversized identities into another target (0.292792ms)
✔ click wire binds both old request and exact observed revision (1.695458ms)
✔ only registered sessions are observed; failures are partial and never invented empty success (9.546ms)
✔ 32 session bound and four actual reads persist across abort-ignoring refreshes (1.33475ms)
✔ wrong generation is unavailable; dispose aborts and forbids late publication (0.526916ms)
✔ refresh clears actual projected rows immediately and detached agents cannot be activated (0.454ms)
✔ attached rows use canonical sorting and current incarnation, never a same-name replacement (1.02575ms)
✔ input requires authority before sending and does not request it implicitly (0.566541ms)
✔ pins exact pane and never retries an ambiguous acknowledgement (0.604833ms)
✔ paste wraps once, preserves Unicode across chunks, and stays on its pane (4.064125ms)
✔ paste stops on authority loss and rejects invalid clipboard content before sending (3.753667ms)
﹣ local app retains binary identity and refuses replacement (0.321375ms) # SKIP
﹣ local launcher never resolves dirname through caller PATH (0.054042ms) # SKIP
﹣ assembler rejects a mismatched executable before running supplied tools (0.036666ms) # SKIP
✔ holds real frame and newest metadata; release is monotonic and then semantically transparent (1.67975ms)
✔ missing/unready latest frame cannot revive old held ready state (0.252041ms)
✔ bounds and source order/connection are fail closed (3.578ms)
✔ helper eof reaps its owned real child (91.273666ms)
✔ helper signal reaps its owned real child (74.461875ms)
✔ specimen keeps Unicode, colored blanks, wrap and cursor explicit at multiple sizes (0.737416ms)
✔ unsupported geometry fails instead of silently clipping the specimen (0.177416ms)
﹣ actual PTY resize redraws the specimen with current stdout geometry (0.075542ms) # SKIP
✔ schema rejects controls/blank/oversize names and blind toggle (2.196417ms)
✔ action fence supports zoomed/single panes and retires on title/topology/lifetime changes (0.165542ms)
✔ rename submits exact semantic action once and validates receipt (0.882791ms)
✔ zoom submits exact semantic action once and validates receipt (0.374291ms)
✔ stale token, foreign pane and lost input never dispatch (0.141875ms)
✔ geometry grant cannot cross pane lifetime or token changes (0.116291ms)
✔ mismatched and replayed receipts fail without retry; rejected mutation stays consumed (0.430584ms)
✔ zoom result must match explicit desired pane/state and retirement cannot report success (0.202459ms)
✔ fence survives content/name/focus changes, retires on topology and pane lifetime changes (0.619541ms)
✔ cached old resize canvas cannot grant token for current geometry (0.0955ms)
✔ zoom and single-pane layouts revoke gestures; restored splits get a fresh token (0.096375ms)
✔ exact semantic target and clamped receipt; outer status row converted once (2.273084ms)
✔ stale and missing targets cannot even acquire geometry authority (0.205375ms)
✔ authority wait revalidates token, lifetime and exact window (0.444334ms)
✔ post-dispatch replacement and foreign receipts never claim success (0.792834ms)
✔ malformed and oversized resize rejected (1.829292ms)
✔ clamped readback preserves exact validated operation identity and actual cells (0.326042ms)
✔ schema-valid foreign operation/generation/axis receipts and replaced lifetime are rejected (0.367416ms)
✔ controller-supplied operation UUID is preserved and malformed ID fails before authority (0.275375ms)
✔ split refresh cannot attach after background while fresh inventory is pending (0.580083ms)
✔ split refresh cannot attach after navigation while fresh inventory is pending (0.06225ms)
✔ split refresh cannot attach after session while fresh inventory is pending (0.049084ms)
✔ split refresh cannot attach after catalog while fresh inventory is pending (0.042792ms)
✔ split refresh cannot attach after stop while fresh inventory is pending (0.0435ms)
✔ split refresh requires both exact receipt-created pane and retained source, without fallback (0.251459ms)
✔ split metadata cannot commit after background during session read (0.1005ms)
✔ split metadata cannot commit after navigation during session read (0.043792ms)
✔ split metadata cannot commit after session during session read (0.055333ms)
✔ split metadata cannot commit after catalog during session read (0.076417ms)
✔ split metadata cannot commit after stop during session read (0.377666ms)
✔ split refresh retains authoritative whole-session count and unknown counts without inference (0.243333ms)
✔ missing or ambiguous selected session metadata cannot commit a split refresh (0.10525ms)
✔ split right returns exact new-pane receipt once (1.709625ms)
✔ split down returns exact new-pane receipt once (0.143375ms)
✔ split rejects malformed directions and uncertain/mismatched receipts without retry (0.806291ms)
✔ split consumes pending token and rechecks lifetime/input/geometry after acquisition (0.16375ms)
✔ split refusal and retirement cannot be retried or report success (0.393875ms)
✔ a delayed split receipt cannot reattach after lifetime replacement or authority loss (0.189791ms)
✔ background releases owned input and geometry; foreground only requests input (1.511917ms)
✔ background releases connection claims even without current grants (0.221791ms)
✔ closing viewer reaps an idle helper without waiting for another frame (43.090833ms)
✔ cancellation reaps both children, including a helper ignoring SIGTERM (141.8645ms)
✔ helper EOF reaches viewer and helper failure remains a failure (37.77875ms)
✔ missing executable reaps the other owned child (3.468125ms)
✔ already cancelled launch starts no processes (0.702166ms)
✔ duplex bridge carries native commands and helper publications (38.639584ms)
✔ publishes and ACKs only a complete authenticated snapshot (8.669334ms)
✔ rejects a replaced daemon generation and cannot revive after retirement (1.151125ms)
✔ hash corruption clears the view without ACK (1.383ms)
✔ disconnect ignores late callbacks and does not replay state (0.640333ms)
✔ verified newer incarnation changes lifetime only at complete commit (1.676292ms)
✔ failed replacement clears the committed lifetime without advertising its incarnation (1.002833ms)
✔ one pending and latest; receipt alone never settles, final release exact target waits for layout (11.430125ms)
✔ cancel discards queued targets, no retry, late receipt cannot resurrect gesture (0.912333ms)
✔ lifetime, competing authority and orthogonal topology retire pending motion (2.359375ms)
✔ unrelated idle geometry fails and gesture identity rejects stale moves (0.828834ms)
✔ receipt and new layout wait for coherent surfaces instead of cancelling on resize skew (0.68175ms)
✔ unrelated same-axis redistribution cannot receive a matching-token attestation (1.05425ms)
✔ new gesture during cancelled in-flight operation gets an explicit refusal, old completion cannot replace it (1.495ms)
✔ neighbor-only lifetime epoch replacement rejects pending receipt despite identical pane IDs and geometry (0.71025ms)
✔ session pane counts preserve daemon values, unknown stays absent and labels never become identity (2.392625ms)
✔ browser creates from initial Home once, keeps navigation responsive and requires refresh after uncertain failure (1009.082208ms)
✔ initial zero request and canonical name validation (2.534125ms)
✔ one pending operation survives reset and stale completion never refreshes (0.900666ms)
✔ creation or refresh failure stays blocked until explicit reset without leaking errors (1.819209ms)
✔ completion revision witnesses fast success even if pending is coalesced (0.122333ms)
✔ one pending request coalesces final release and rebases only after coherent successor (9.704709ms)
✔ clamped pointer is not resent; a new desired pointer may continue (2.600625ms)
✔ cancel preserves pending ownership and late completion cannot revive or overwrite (2.524458ms)
✔ missing successor, scope replacement and geometry lease loss fail closed (4.820042ms)
✔ output-only refresh survives but foreign idle geometry and stale commands do not (0.520417ms)
✔ pending canonical wait is bounded and late completion remains inert (1.834709ms)
✔ wire is strict and begin requires exact observed boundary and coherent ownership (0.551375ms)
✔ pending missing canvas remains inert and cancellation after release stays terminal (1.754625ms)
✔ receipt does not settle against a different complete canonical resource (2.132166ms)
✔ window identity ignores object key ordering at begin and during observation (0.285125ms)
✔ well-formed stale target or lost lease begins receive a failure ACK and fresh gestures recover (0.215458ms)
✔ publishes only matching canonical geometry and ignores output/label-only changes (10.265125ms)
✔ retires old reads on lifetime change even if cancellation is ignored (0.652417ms)
✔ wrong link or geometry never grants handles; unsupported reads do not retry on output (0.9795ms)
✔ clamped receipt permits changed layout after submission without retry (15.982167ms)
✔ stale layout during authority acquisition cannot dispatch (5.992334ms)
✔ wrong echoed target is refused even when actual boundary is plausible (0.359583ms)
✔ late scope and lifetime changes refuse result (0.521333ms)
✔ detached command survives caller mutation while waiting for authority (4.385917ms)
✔ malformed inputs and unknown split axis do not acquire or submit (0.451958ms)
✔ resource refresh after submission accepts receipt but absent pre-submit resource refuses (0.262ms)
✔ retained window replacement after submission refuses even with no resource (0.163458ms)
✔ labels and duplicate window names never replace pane/window identities (4.427875ms)
✔ unverified joins and duplicate layouts cannot invent or duplicate choices (0.104792ms)
✔ native label byte limits preserve complete Unicode scalars (0.120625ms)
✔ initial preference uses current window active pane rather than inventory order (0.102292ms)
✔ canvas preserves tmux offsets, separator gap and selected cursor (0.588792ms)
✔ incomplete, resized, overlapping and unverified layouts never promote (0.195291ms)
✔ top status row is outside pane content and cursor (0.145542ms)
✔ top status only reduces the outer pane in vertical splits (0.063083ms)
✔ bottom status row is outside pane content and cursor (0.054333ms)
✔ bottom status only reduces the outer pane in vertical splits (0.040083ms)
✔ layout-first resize retains one atomic presentation then promotes matching geometry (0.846459ms)
✔ surfaces-first resize retains one atomic presentation then promotes matching geometry (0.16225ms)
✔ sibling-first resize retains one atomic presentation then promotes matching geometry (0.104ms)
✔ outer status row copy geometry and wrap flags remain paired with retained pixels (0.398083ms)
✔ scope replacement, missing surfaces, and invalid geometry clear retained state (0.381542ms)
✔ authority, presence or history disable clears cache even when read-only composition succeeds (0.097333ms)
✔ another instance and an initial skew cannot borrow an earlier coherent frame (0.064ms)
✔ workspace navigation uses only read requests and rechecks exact session after inventory (45.643625ms)
✔ workspace click requires selected session in addition to request and roster revision (0.705125ms)
✔ strict preview metadata generates exact safe plist fields; development defaults remain (7.253167ms)
✔ unknown fields, types, namespace, injection and noncanonical numbers reject (0.233792ms)
✔ bounded metadata file rejects links/oversize; invalid explicit assembly metadata precedes binary execution/output (47.070917ms)
✔ standalone installer relocates, retains CLI behavior and refuses overwriting output (202.83025ms)
✔ synthetic verified lifecycle installs, repeats, upgrades, re-verifies rollback and detaches without deleting (91.948792ms)
✔ strict parser and platform failures make no installation or verifier calls (3.458459ms)
✔ policy rejects extra keys, oversized, private syntax and candidate-owned input before mutation (8.759291ms)
✔ verification denial preserves current, lock refuses, symlink root refuses and tmp alias is canonicalized (39.323542ms)
✔ executable help and invalid arguments emit bounded JSON without side effects (88.740292ms)
✔ FIFO policy is rejected without waiting for a writer (49.971708ms)
✔ script symlink invocation executes help rather than silently returning success (45.094125ms)
✔ relative destination cannot detach an existing installation (25.107875ms)
✔ release mode authenticates offer before installer seam and removes only empty owned staging (51.965625ms)
✔ release policy is exact, bounded and mandatory; unknown metadata cannot reach installer (9.17075ms)
✔ release failure preserves activation disposition and never erases unexpected staging leftovers (14.778625ms)
✔ release cancellation before/during offer creates no staging; transaction cancellation preserves disposition (15.393792ms)
✔ explicit recovery refuses a legacy empty lock without verification or mutation (25.3025ms)
✔ SIGKILL before activation preserves a complete selected version (87.65075ms)
✔ SIGKILL after activation preserves a complete selected version (80.003208ms)
✔ real SIGKILL before-activate: keep-current (120.604833ms)
✔ real SIGKILL candidate-renamed: keep-current (89.356333ms)
✔ real SIGKILL current-switched: keep-current (85.075667ms)
✔ real SIGKILL current-switched: restore-previous (130.187709ms)
✔ live PID, journal tamper and verifier denial leave lock and current untouched (87.705459ms)
✔ legacy empty lock refuses explicit recovery (16.853417ms)
✔ initial preactivation keeps no selection, verifies and quarantines candidate before retry (79.889875ms)
✔ CLI recovery after real SIGKILL requires policy and verifier (65.564042ms)
✔ recovery marker blocks normal mutation even after transaction lock is absent (11.57975ms)
✔ missing alias after switched current refuses without claiming a launch path (44.190416ms)
✔ verifier replacement of a managed candidate directory refuses before pointer mutation (50.758792ms)
✔ legacy prior without named alias recovers a usable launch path: keep-current (47.013834ms)
✔ legacy prior without named alias recovers a usable launch path: restore-previous (45.935ms)
✔ initial activation and exact repeat verify private copies; upgrade retains rollback (98.514334ms)
✔ interruption before activation leaves previous pointer and no owned partial version (39.772375ms)
✔ verification is mandatory, denies false, and rejects verifier payload mutation (21.491ms)
✔ uninstall detaches only and preserves retained apps plus unrelated configuration (22.856875ms)
✔ traversal, staging links, unrelated prefixes and foreign current entries fail closed (27.043667ms)
✔ stale locks and symlinked managed parents cannot mutate unrelated directories (31.958584ms)
✔ changed retained app denies rollback and uncertain ownership denies uninstall (50.5545ms)
✔ concurrent mutation is rejected before verifier while first transaction owns lock (23.84925ms)
✔ same version with changed content and symlinked root are rejected (50.686667ms)
✔ boundary parent replacement is detected before activation, preserving original and cleanup failures (29.575833ms)
✔ stable named launch alias survives upgrade/rollback and detach retains versions (76.270042ms)
✔ foreign launch entries deny all pointer mutations and failed first install leaves no alias (57.90075ms)
✔ legacy app layout upgrades and rolls back without migration; suffix mismatch and ambiguity reject (59.107292ms)
✔ repeat restoring a missing launch alias respects the preactivation guard (15.877958ms)
✔ uses bounded system verifiers and required Apple identity, never candidate execution (9.897ms)
✔ requires explicit policy and rejects hostile requirement metadata before tools (4.032209ms)
✔ unsigned or rejected assessment, disabled Gatekeeper, malformed and incompatible metadata fail closed (12.799042ms)
✔ rejects redirected executable and app roots before any system command (5.079041ms)
✔ Mach-O deployment metadata must be macOS, unique and compatible with declared floor (7.053541ms)
✔ verifier composes with transaction's named staged bundle and checks nested signatures (30.820125ms)
✔ optional authenticated release version is checked after signature validation (7.342416ms)
✔ local receipt accepts copied native and excludes target and unrelated private root files (43.859125ms)
✔ binary tampering and edited/new/deleted Rust or asset inputs invalidate receipt (133.972791ms)
✔ before/after mutation refuses receipt; source symlinks are not followed (13.864833ms)
✔ malformed, stale-digest and redirected receipts fail closed (76.112333ms)
✔ Cargo executable selection rejects stale guesses, wrong package and ambiguous outputs (0.63425ms)
✔ Cargo failure preserves bounded rendered errors rather than unrelated artifact JSON (0.159167ms)
✔ authentication precedes all fetch and directory mutation (6.92975ms)
✔ actual HTTP stream via exact test-origin rewrite verifies bytes and private staging (27.075875ms)
✔ truncated, excess, corrupt, encoded and HTTP failure bodies never survive (22.553291ms)
✔ manual redirects cancel bodies, obey origin/HTTPS policy and stop after three (33.297375ms)
✔ caller abort bounds stalled headers/body and removes partial files (31.337584ms)
✔ unsafe destination and URL policy fail closed without network (4.789791ms)
✔ fixed 120-second deadline also rejects a transport ignoring its signal (4.417125ms)
✔ system USTAR nested app extracts exact bytes and normalized permissions (31.851542ms)
✔ signature/digest failure happens before any extraction, preserving archive and unrelated data (18.699125ms)
✔ unsafe names, duplicates, special modes, types and ancestor collisions are rejected (127.94325ms)
✔ corrupt headers, unsupported formats/numbers, truncation and nonzero trailing data fail (68.0255ms)
✔ cancellation before and during extraction removes only owned staging (46.114958ms)
✔ real download/extraction/transaction install, repeat and upgrade verify the private copy/version (126.406666ms)
✔ authentication, platform, policy and path overlap refuse before fetching or creating installs (15.754792ms)
✔ malformed archive, version mismatch, verifier denial and cancellation preserve prior current (82.08525ms)
✔ caller mutation during fetch cannot change pinned version, Apple policy or paths (18.560333ms)
✔ cleanup failure after activation reports active release without implying rollback (16.850083ms)
✔ original verifier failure and independent cleanup failures are both retained (17.450458ms)
✔ exact signed roundtrip returns an independent frozen asset (1.419667ms)
✔ tampered body/whitespace, wrong key and unsigned malformed JSON fail authentication first (0.824458ms)
✔ authenticated payloads still require exact schema, target, name, digest and expected version (1.471084ms)
✔ archive and manifest byte bounds are inclusive and types strict (1.289041ms)
✔ versions use installer-safe identity, not calendar parsing or ordering (1.167083ms)
✔ real loopback metadata stream authenticates exact bytes and pinned version directory (24.914917ms)
✔ invalid, oversized, mismatched or unauthenticated offers never return (3.774833ms)
✔ trusted redirects permit signed queries; unsafe redirects/caps refuse and bodies cancel (3.017625ms)
✔ caller cancellation bounds stalled headers/body; common deadline covers both metadata requests (22.069292ms)
✔ actual producer is deterministic and authenticated extractor restores bytes and executable mode (102.5245ms)
✔ links, aliases, unsafe names and special permissions reject without output or source mutation (202.145375ms)
✔ existing output and source-contained destinations are never overwritten; version/name is exact (105.527584ms)
✔ inventory rejects case aliases independent of filesystem and lower test limits fail safely (61.297333ms)
✔ private signing sequence preserves historical inputs and binds transformation (71.137083ms)
✔ sign-native failure exposes only safe stage, no usable artifacts (9.420291ms)
✔ notarize failure exposes only safe stage, no usable artifacts (7.852125ms)
✔ verify failure exposes only safe stage, no usable artifacts (7.376209ms)
✔ package failure exposes only safe stage, no usable artifacts (10.273292ms)
✔ notary non-Accepted and debug entitlement fail closed before later tools (15.057209ms)
✔ existing output and unknown CLI switches refuse without tool calls (3.179208ms)
✔ unsupported host refuses before creating output or executing tools (2.417166ms)
✔ caller mutation cannot change validated identity or profile across awaits (47.858041ms)
✔ numeric policy scalars reject before copy or signing (2.150167ms)
✔ roundtrip rejects altered packaged bytes before final publication (48.862042ms)
✔ extracted app must independently pass Apple verification (44.543334ms)
ℹ tests 268
ℹ suites 0
ℹ pass 263
ℹ fail 0
ℹ cancelled 0
ℹ skipped 5
ℹ todo 0
ℹ duration_ms 3498.581625
